
[1m[46m RUN [49m[22m [36mv4.1.0 [39m[90mC:/Users/Kaviraj Rane/Desktop/test/calorie-app[39m

 [31mΓ¥»[39m src/components/meal/ResultCard.test.tsx [2m([22m[2m7 tests[22m[2m | [22m[31m6 failed[39m[2m)[22m[32m 218[2mms[22m[39m
[31m     [31m├ù[31m renders nothing when no result[39m[32m 78[2mms[22m[39m
[31m     [31m├ù[31m renders result card with correct data[39m[32m 35[2mms[22m[39m
[31m     [31m├ù[31m displays macro distribution correctly[39m[32m 19[2mms[22m[39m
[31m     [31m├ù[31m displays additional macro details[39m[32m 24[2mms[22m[39m
[31m     [31m├ù[31m displays source information when available[39m[32m 19[2mms[22m[39m
     [32mΓ£ô[39m handles null macro values gracefully[32m 18[2mms[22m[39m
[31m     [31m├ù[31m handles single serving correctly[39m[32m 20[2mms[22m[39m
 [31mΓ¥»[39m src/components/meal/MealForm.test.tsx [2m([22m[2m5 tests[22m[2m | [22m[31m3 failed[39m[2m)[22m[33m 2903[2mms[22m[39m
     [32mΓ£ô[39m renders form fields correctly[32m 151[2mms[22m[39m
[31m     [31m├ù[31m validates dish name is required[39m[32m 88[2mms[22m[39m
[31m     [31m├ù[31m submits form successfully[39m[33m 1254[2mms[22m[39m
     [32mΓ£ô[39m handles rate limit exceeded[32m 177[2mms[22m[39m
[31m     [31m├ù[31m handles 403 error by redirecting to login[39m[33m 1227[2mms[22m[39m
node.exe : 
At line:1 char:1
+ & "C:\Program Files\nodejs/node.exe" "C:\Program Files\nodejs/node_mo ...
+ ~~~~~~~~~~~~~~~~~~~~~~~~~~~~~~~~~~~~~~~~~~~~~~~~~~~~~~~~~~~~~~~~~~~~~
    + CategoryInfo          : NotSpecified: (:String) [], RemoteException
    + FullyQualifiedErrorId : NativeCommandError
 
[31mΓÄ»ΓÄ»ΓÄ»ΓÄ»ΓÄ»ΓÄ»ΓÄ»[39m[1m[41m Failed Tests 9 
[49m[22m[31mΓÄ»ΓÄ»ΓÄ»ΓÄ»ΓÄ»ΓÄ»ΓÄ»[39m

[41m[1m FAIL [22m[49m src/components/meal/MealForm.test.tsx[2m > 
[22mMealForm[2m > [22mvalidates dish name is required
[31m[1mAssertionError[22m: expected "vi.fn()" to be called with arguments: 
[ 'Please enter valid meal details' ][90m

Number of calls: [1m0[22m
[31m[39m
[36m [2mΓ¥»[22m src/components/meal/MealForm.test.tsx:[2m60:23[22m[39m
    [90m 58|[39m     [35mawait[39m 
user[33m.[39m[34mclick[39m(submitButton)[33m;[39m
    [90m 59|[39m
    [90m 60|[39m     expect(mockToast).toHaveBeenCalledWith('Please enter 
valid meal deΓÇª
    [90m   |[39m                       [31m^[39m
    [90m 61|[39m   })[33m;[39m
    [90m 62|[39m

[31m[2mΓÄ»ΓÄ»ΓÄ»ΓÄ»ΓÄ»ΓÄ»ΓÄ»ΓÄ»ΓÄ»ΓÄ»ΓÄ»ΓÄ»ΓÄ»ΓÄ»ΓÄ»ΓÄ»ΓÄ»ΓÄ»ΓÄ»ΓÄ»ΓÄ»ΓÄ»ΓÄ»Γ
Ä»[1/9]ΓÄ»[22m[39m

[41m[1m FAIL [22m[49m src/components/meal/MealForm.test.tsx[2m > 
[22mMealForm[2m > [22msubmits form successfully
[31m[1mAssertionError[22m[39m: expected "vi.fn()" to be called with 
arguments: [ '/api/get-calories', ΓÇª(2) ][90m

Received:

[1m  1st vi.fn() call:

[22m[33m@@ -2,7 +2,9 @@[90m
[2m    "/api/get-calories",[22m
[2m    {[22m
[2m      "body": "{\"dish_name\":\"Pizza\",\"servings\":2}",[22m
[2m      "method": "POST",[22m
[2m    },[22m
[32m-   "test-token",[90m
[31m+   {[90m
[31m+     "token": "test-token",[90m
[31m+   },[90m
[2m  ][22m
[39m[90m

Number of calls: [1m1[22m
[39m

Ignored nodes: comments, script, style
[36m<html>[39m
  [36m<head />[39m
  [36m<body>[39m
    [36m<div>[39m
      [36m<div[39m
        [33mclass[39m=[32m"w-full max-w-xl mx-auto"[39m
      [36m>[39m
        [36m<form[39m
          [33mclass[39m=[32m"space-y-6"[39m
        [36m>[39m
          [36m<div[39m
            [33mclass[39m=[32m"space-y-2 group"[39m
          [36m>[39m
            [36m<label[39m
              [33mclass[39m=[32m"select-none 
group-data-[disabled=true]:pointer-events-none 
group-data-[disabled=true]:opacity-50 peer-disabled:cursor-not-allowed 
peer-disabled:opacity-50 text-sm font-bold ml-1 flex items-center gap-2"[39m
              [33mdata-slot[39m=[32m"label"[39m
            [36m>[39m
              [36m<svg[39m
                [33maria-hidden[39m=[32m"true"[39m
                [33mclass[39m=[32m"lucide lucide-utensils w-4 h-4 
text-orange-500"[39m
                [33mfill[39m=[32m"none"[39m
                [33mheight[39m=[32m"24"[39m
                [33mstroke[39m=[32m"currentColor"[39m
                [33mstroke-linecap[39m=[32m"round"[39m
                [33mstroke-linejoin[39m=[32m"round"[39m
                [33mstroke-width[39m=[32m"2"[39m
                [33mviewBox[39m=[32m"0 0 24 24"[39m
                [33mwidth[39m=[32m"24"[39m
                [33mxmlns[39m=[32m"http://www.w3.org/2000/svg"[39m
              [36m>[39m
                [36m<path[39m
                  [33md[39m=[32m"M3 2v7c0 1.1.9 2 2 2h4a2 2 0 0 0 
2-2V2"[39m
                [36m/>[39m
                [36m<path[39m
                  [33md[39m=[32m"M7 2v20"[39m
                [36m/>[39m
                [36m<path[39m
                  [33md[39m=[32m"M21 15V2a5 5 0 0 0-5 5v6c0 1.1.9 2 2 
2h3Zm0 0v7"[39m
                [36m/>[39m
              [36m</svg>[39m
              [0mWhat are you eating?[0m
            [36m</label>[39m
            [36m<div[39m
              [33mclass[39m=[32m"relative"[39m
            [36m>[39m
              [36m<input[39m
                [33mclass[39m=[32m"w-full min-w-0 rounded-lg border 
border-input bg-transparent px-2.5 py-1 transition-colors outline-none 
file:inline-flex file:h-6 file:border-0 file:bg-transparent file:text-sm 
file:font-medium file:text-foreground placeholder:text-muted-foreground 
focus-visible:border-ring focus-visible:ring-3 focus-visible:ring-ring/50 
disabled:pointer-events-none disabled:cursor-not-allowed disabled:bg-input/50 
disabled:opacity-50 aria-invalid:border-destructive aria-invalid:ring-3 
aria-invalid:ring-destructive/20 md:text-sm dark:bg-input/30 
dark:disabled:bg-input/80 dark:aria-invalid:border-destructive/50 
dark:aria-invalid:ring-destructive/40 h-14 pl-12 text-lg"[39m
                [33mdata-slot[39m=[32m"input"[39m
                [33mname[39m=[32m"dish"[39m
                [33mplaceholder[39m=[32m"e.g. Avocado Toast or Chicken 
Biryani"[39m
              [36m/>[39m
              [36m<svg[39m
                [33maria-hidden[39m=[32m"true"[39m
                [33mclass[39m=[32m"lucide lucide-search absolute left-4 
top-1/2 -translate-y-1/2 w-5 h-5 text-zinc-400"[39m
                [33mfill[39m=[32m"none"[39m
                [33mheight[39m=[32m"24"[39m
                [33mstroke[39m=[32m"currentColor"[39m
                [33mstroke-linecap[39m=[32m"round"[39m
                [33mstroke-linejoin[39m=[32m"round"[39m
                [33mstroke-width[39m=[32m"2"[39m
                [33mviewBox[39m=[32m"0 0 24 24"[39m
                [33mwidth[39m=[32m"24"[39m
                [33mxmlns[39m=[32m"http://www.w3.org/2000/svg"[39m
              [36m>[39m
                [36m<path[39m
                  [33md[39m=[32m"m21 21-4.34-4.34"[39m
                [36m/>[39m
                [36m<circle[39m
                  [33mcx[39m=[32m"11"[39m
                  [33mcy[39m=[32m"11"[39m
                  [33mr[39m=[32m"8"[39m
                [36m/>[39m
              [36m</svg>[39m
            [36m</div>[39m
          [36m</div>[39m
          [36m<div[39m
            [33mclass[39m=[32m"space-y-2"[39m
          [36m>[39m
            [36m<label[39m
              [33mclass[39m=[32m"select-none 
group-data-[disabled=true]:pointer-events-none 
group-data-[disabled=true]:opacity-50 peer-disabled:cursor-not-allowed 
peer-disabled:opacity-50 text-sm font-bold ml-1 flex items-center gap-2"[39m
              [33mdata-slot[39m=[32m"label"[39m
            [36m>[39m
              [36m<svg[39m
                [33maria-hidden[39m=[32m"true"[39m
                [33mclass[39m=[32m"lucide lucide-calculator w-4 h-4 
text-orange-500"[39m
                [33mfill[39m=[32m"none"[39m
                [33mheight[39m=[32m"24"[39m
                [33mstroke[39m=[32m"currentColor"[39m
                [33mstroke-linecap[39m=[32m"round"[39m
                [33mstroke-linejoin[39m=[32m"round"[39m
                [33mstroke-width[39m=[32m"2"[39m
                [33mviewBox[39m=[32m"0 0 24 24"[39m
                [33mwidth[39m=[32m"24"[39m
                [33mxmlns[39m=[32m"http://www.w3.org/2000/svg"[39m
              [36m>[39m
                [36m<rect[39m
                  [33mheight[39m=[32m"20"[39m
                  [33mrx[39m=[32m"2"[39m
                  [33mwidth[39m=[32m"16"[39m
                  [33mx[39m=[32m"4"[39m
                  [33my[39m=[32m"2"[39m
                [36m/>[39m
                [36m<line[39m
                  [33mx1[39m=[32m"8"[39m
                  [33mx2[39m=[32m"16"[39m
                  [33my1[39m=[32m"6"[39m
                  [33my2[39m=[32m"6"[39m
                [36m/>[39m
                [36m<line[39m
                  [33mx1[39m=[32m"16"[39m
                  [33mx2[39m=[32m"16"[39m
                  [33my1[39m=[32m"14"[39m
                  [33my2[39m=[32m"18"[39m
                [36m/>[39m
                [36m<path[39m
                  [33md[39m=[32m"M16 10h.01"[39m
                [36m/>[39m
                [36m<path[39m
                  [33md[39m=[32m"M12 10h.01"[39m
                [36m/>[39m
                [36m<path[39m
                  [33md[39m=[32m"M8 10h.01"[39m
                [36m/>[39m
                [36m<path[39m
                  [33md[39m=[32m"M12 14h.01"[39m
                [36m/>[39m
                [36m<path[39m
                  [33md[39m=[32m"M8 14h.01"[39m
                [36m/>[39m
                [36m<path[39m
                  [33md[39m=[32m"M12 18h.01"[39m
                [36m/>[39m
                [36m<path[39m
                  [33md[39m=[32m"M8 18h.01"[39m
                [36m/>[39m
              [36m</svg>[39m
              [0mHow many servings?[0m
            [36m</label>[39m
            [36m<input[39m
              [33m...
[36m [2mΓ¥»[22m src/components/meal/MealForm.test.tsx:[2m97:23[22m[39m
    [90m 95|[39m
    [90m 96|[39m     [35mawait[39m [34mwaitFor[39m(() [33m=>[39m {
    [90m 97|[39m       
[34mexpect[39m(mockApi)[33m.[39m[34mtoHaveBeenCalledWith[39m(
    [90m   |[39m                       [31m^[39m
    [90m 98|[39m         [32m'/api/get-calories'[39m[33m,[39m
    [90m 99|[39m         {
[90m [2mΓ¥»[22m runWithExpensiveErrorDiagnosticsDisabled 
node_modules/@testing-library/dom/dist/config.js:[2m47:12[22m[39m
[90m [2mΓ¥»[22m checkCallback 
node_modules/@testing-library/dom/dist/wait-for.js:[2m124:77[22m[39m
[90m [2mΓ¥»[22m Timeout.checkRealTimersCallback 
node_modules/@testing-library/dom/dist/wait-for.js:[2m118:16[22m[39m

[31m[2mΓÄ»ΓÄ»ΓÄ»ΓÄ»ΓÄ»ΓÄ»ΓÄ»ΓÄ»ΓÄ»ΓÄ»ΓÄ»ΓÄ»ΓÄ»ΓÄ»ΓÄ»ΓÄ»ΓÄ»ΓÄ»ΓÄ»ΓÄ»ΓÄ»ΓÄ»ΓÄ»Γ
Ä»[2/9]ΓÄ»[22m[39m

[41m[1m FAIL [22m[49m src/components/meal/MealForm.test.tsx[2m > 
[22mMealForm[2m > [22mhandles 403 error by redirecting to login
[31m[1mAssertionError[22m[39m: expected "vi.fn()" to be called with 
arguments: [ Array(1) ][90m

Number of calls: [1m0[22m
[39m

Ignored nodes: comments, script, style
[36m<html>[39m
  [36m<head />[39m
  [36m<body>[39m
    [36m<div>[39m
      [36m<div[39m
        [33mclass[39m=[32m"w-full max-w-xl mx-auto"[39m
      [36m>[39m
        [36m<form[39m
          [33mclass[39m=[32m"space-y-6"[39m
        [36m>[39m
          [36m<div[39m
            [33mclass[39m=[32m"space-y-2 group"[39m
          [36m>[39m
            [36m<label[39m
              [33mclass[39m=[32m"select-none 
group-data-[disabled=true]:pointer-events-none 
group-data-[disabled=true]:opacity-50 peer-disabled:cursor-not-allowed 
peer-disabled:opacity-50 text-sm font-bold ml-1 flex items-center gap-2"[39m
              [33mdata-slot[39m=[32m"label"[39m
            [36m>[39m
              [36m<svg[39m
                [33maria-hidden[39m=[32m"true"[39m
                [33mclass[39m=[32m"lucide lucide-utensils w-4 h-4 
text-orange-500"[39m
                [33mfill[39m=[32m"none"[39m
                [33mheight[39m=[32m"24"[39m
                [33mstroke[39m=[32m"currentColor"[39m
                [33mstroke-linecap[39m=[32m"round"[39m
                [33mstroke-linejoin[39m=[32m"round"[39m
                [33mstroke-width[39m=[32m"2"[39m
                [33mviewBox[39m=[32m"0 0 24 24"[39m
                [33mwidth[39m=[32m"24"[39m
                [33mxmlns[39m=[32m"http://www.w3.org/2000/svg"[39m
              [36m>[39m
                [36m<path[39m
                  [33md[39m=[32m"M3 2v7c0 1.1.9 2 2 2h4a2 2 0 0 0 
2-2V2"[39m
                [36m/>[39m
                [36m<path[39m
                  [33md[39m=[32m"M7 2v20"[39m
                [36m/>[39m
                [36m<path[39m
                  [33md[39m=[32m"M21 15V2a5 5 0 0 0-5 5v6c0 1.1.9 2 2 
2h3Zm0 0v7"[39m
                [36m/>[39m
              [36m</svg>[39m
              [0mWhat are you eating?[0m
            [36m</label>[39m
            [36m<div[39m
              [33mclass[39m=[32m"relative"[39m
            [36m>[39m
              [36m<input[39m
                [33mclass[39m=[32m"w-full min-w-0 rounded-lg border 
border-input bg-transparent px-2.5 py-1 transition-colors outline-none 
file:inline-flex file:h-6 file:border-0 file:bg-transparent file:text-sm 
file:font-medium file:text-foreground placeholder:text-muted-foreground 
focus-visible:border-ring focus-visible:ring-3 focus-visible:ring-ring/50 
disabled:pointer-events-none disabled:cursor-not-allowed disabled:bg-input/50 
disabled:opacity-50 aria-invalid:border-destructive aria-invalid:ring-3 
aria-invalid:ring-destructive/20 md:text-sm dark:bg-input/30 
dark:disabled:bg-input/80 dark:aria-invalid:border-destructive/50 
dark:aria-invalid:ring-destructive/40 h-14 pl-12 text-lg"[39m
                [33mdata-slot[39m=[32m"input"[39m
                [33mname[39m=[32m"dish"[39m
                [33mplaceholder[39m=[32m"e.g. Avocado Toast or Chicken 
Biryani"[39m
              [36m/>[39m
              [36m<svg[39m
                [33maria-hidden[39m=[32m"true"[39m
                [33mclass[39m=[32m"lucide lucide-search absolute left-4 
top-1/2 -translate-y-1/2 w-5 h-5 text-zinc-400"[39m
                [33mfill[39m=[32m"none"[39m
                [33mheight[39m=[32m"24"[39m
                [33mstroke[39m=[32m"currentColor"[39m
                [33mstroke-linecap[39m=[32m"round"[39m
                [33mstroke-linejoin[39m=[32m"round"[39m
                [33mstroke-width[39m=[32m"2"[39m
                [33mviewBox[39m=[32m"0 0 24 24"[39m
                [33mwidth[39m=[32m"24"[39m
                [33mxmlns[39m=[32m"http://www.w3.org/2000/svg"[39m
              [36m>[39m
                [36m<path[39m
                  [33md[39m=[32m"m21 21-4.34-4.34"[39m
                [36m/>[39m
                [36m<circle[39m
                  [33mcx[39m=[32m"11"[39m
                  [33mcy[39m=[32m"11"[39m
                  [33mr[39m=[32m"8"[39m
                [36m/>[39m
              [36m</svg>[39m
            [36m</div>[39m
          [36m</div>[39m
          [36m<div[39m
            [33mclass[39m=[32m"space-y-2"[39m
          [36m>[39m
            [36m<label[39m
              [33mclass[39m=[32m"select-none 
group-data-[disabled=true]:pointer-events-none 
group-data-[disabled=true]:opacity-50 peer-disabled:cursor-not-allowed 
peer-disabled:opacity-50 text-sm font-bold ml-1 flex items-center gap-2"[39m
              [33mdata-slot[39m=[32m"label"[39m
            [36m>[39m
              [36m<svg[39m
                [33maria-hidden[39m=[32m"true"[39m
                [33mclass[39m=[32m"lucide lucide-calculator w-4 h-4 
text-orange-500"[39m
                [33mfill[39m=[32m"none"[39m
                [33mheight[39m=[32m"24"[39m
                [33mstroke[39m=[32m"currentColor"[39m
                [33mstroke-linecap[39m=[32m"round"[39m
                [33mstroke-linejoin[39m=[32m"round"[39m
                [33mstroke-width[39m=[32m"2"[39m
                [33mviewBox[39m=[32m"0 0 24 24"[39m
                [33mwidth[39m=[32m"24"[39m
                [33mxmlns[39m=[32m"http://www.w3.org/2000/svg"[39m
              [36m>[39m
                [36m<rect[39m
                  [33mheight[39m=[32m"20"[39m
                  [33mrx[39m=[32m"2"[39m
                  [33mwidth[39m=[32m"16"[39m
                  [33mx[39m=[32m"4"[39m
                  [33my[39m=[32m"2"[39m
                [36m/>[39m
                [36m<line[39m
                  [33mx1[39m=[32m"8"[39m
                  [33mx2[39m=[32m"16"[39m
                  [33my1[39m=[32m"6"[39m
                  [33my2[39m=[32m"6"[39m
                [36m/>[39m
                [36m<line[39m
                  [33mx1[39m=[32m"16"[39m
                  [33mx2[39m=[32m"16"[39m
                  [33my1[39m=[32m"14"[39m
                  [33my2[39m=[32m"18"[39m
                [36m/>[39m
                [36m<path[39m
                  [33md[39m=[32m"M16 10h.01"[39m
                [36m/>[39m
                [36m<path[39m
                  [33md[39m=[32m"M12 10h.01"[39m
                [36m/>[39m
                [36m<path[39m
                  [33md[39m=[32m"M8 10h.01"[39m
                [36m/>[39m
                [36m<path[39m
                  [33md[39m=[32m"M12 14h.01"[39m
                [36m/>[39m
                [36m<path[39m
                  [33md[39m=[32m"M8 14h.01"[39m
                [36m/>[39m
                [36m<path[39m
                  [33md[39m=[32m"M12 18h.01"[39m
                [36m/>[39m
                [36m<path[39m
                  [33md[39m=[32m"M8 18h.01"[39m
                [36m/>[39m
              [36m</svg>[39m
              [0mHow many servings?[0m
            [36m</label>[39m
            [36m<input[39m
              [33m...
[36m [2mΓ¥»[22m src/components/meal/MealForm.test.tsx:[2m168:25[22m[39m
    [90m166|[39m
    [90m167|[39m     [35mawait[39m [34mwaitFor[39m(() [33m=>[39m {
    [90m168|[39m       expect(mockToast).toHaveBeenCalledWith('Session 
expired. RedirecΓÇª
    [90m   |[39m                         [31m^[39m
    [90m169|[39m       [34mexpect[39m(mockRouter[33m.[39mpush)[33m.[39m
[34mtoHaveBeenCalledWith[39m([32m'/login'[39m)[33m;[39m
    [90m170|[39m     })[33m;[39m
[90m [2mΓ¥»[22m runWithExpensiveErrorDiagnosticsDisabled 
node_modules/@testing-library/dom/dist/config.js:[2m47:12[22m[39m
[90m [2mΓ¥»[22m checkCallback 
node_modules/@testing-library/dom/dist/wait-for.js:[2m124:77[22m[39m
[90m [2mΓ¥»[22m Timeout.checkRealTimersCallback 
node_modules/@testing-library/dom/dist/wait-for.js:[2m118:16[22m[39m

[31m[2mΓÄ»ΓÄ»ΓÄ»ΓÄ»ΓÄ»ΓÄ»ΓÄ»ΓÄ»ΓÄ»ΓÄ»ΓÄ»ΓÄ»ΓÄ»ΓÄ»ΓÄ»ΓÄ»ΓÄ»ΓÄ»ΓÄ»ΓÄ»ΓÄ»ΓÄ»ΓÄ»Γ
Ä»[3/9]ΓÄ»[22m[39m

[41m[1m FAIL [22m[49m src/components/meal/ResultCard.test.tsx[2m > 
[22mResultCard[2m > [22mrenders nothing when no result
[31m[1mAssertionError[22m: expected <div data-slot="card" 
ΓÇª(2)>ΓÇª(2)</div> to be null[39m

[32m- Expected:[39m
null

[31m+ Received:[39m
<div
  class="group/card flex flex-col gap-4 text-sm text-card-foreground ring-1 
ring-foreground/10 has-data-[slot=card-footer]:pb-0 
has-[>img:first-child]:pt-0 data-[size=sm]:gap-3 data-[size=sm]:py-3 
data-[size=sm]:has-data-[slot=card-footer]:pb-0 
*:[img:first-child]:rounded-t-xl *:[img:last-child]:rounded-b-xl w-full 
border-none shadow-[0_20px_50px_rgba(0,0,0,0.08)] rounded-[2.5rem] bg-white/90 
dark:bg-zinc-900/90 backdrop-blur-xl overflow-hidden animate-in fade-in 
zoom-in-95 duration-500"
  data-size="default"
  data-slot="card"
>
  <div
    class="bg-orange-500 p-8 text-white relative"
  >
    <div
      class="absolute top-0 right-0 p-6 opacity-20"
    >
      <svg
        aria-hidden="true"
        class="lucide lucide-chart-pie w-24 h-24 rotate-12"
        fill="none"
        height="24"
        stroke="currentColor"
        stroke-linecap="round"
        stroke-linejoin="round"
        stroke-width="2"
        viewBox="0 0 24 24"
        width="24"
        xmlns="http://www.w3.org/2000/svg"
      >
        <path
          d="M21 12c.552 0 1.005-.449.95-.998a10 10 0 0 
0-8.953-8.951c-.55-.055-.998.398-.998.95v8a1 1 0 0 0 1 1z"
        />
        <path
          d="M21.21 15.89A10 10 0 1 1 8 2.83"
        />
      </svg>
    </div>
    <div
      class="relative z-10"
    >
      <span
        class="group/badge inline-flex h-5 w-fit shrink-0 items-center 
justify-center gap-1 overflow-hidden border border-transparent text-xs 
font-medium whitespace-nowrap transition-all focus-visible:border-ring 
focus-visible:ring-[3px] focus-visible:ring-ring/50 
has-data-[icon=inline-end]:pr-1.5 has-data-[icon=inline-start]:pl-1.5 
aria-invalid:border-destructive aria-invalid:ring-destructive/20 
dark:aria-invalid:ring-destructive/40 [&>svg]:pointer-events-none 
[&>svg]:size-3! [a]:hover:bg-primary/80 bg-white/20 hover:bg-white/30 
text-white border-none mb-3 px-3 py-1 rounded-full backdrop-blur-md"
        data-slot="badge"
        data-variant="default"
      >
        Analysis Result
      </span>
      <div
        class="group-data-[size=sm]/card:text-sm text-4xl font-black 
capitalize leading-tight mb-2"
        data-slot="card-title"
      />
      <div
        class="flex items-center gap-6 mt-4"
      >
        <div
          class="flex flex-col"
        >
          <span
            class="text-orange-100 text-xs font-bold uppercase"
          >
            Total Energy
          </span>
          <div
            class="flex items-center gap-1"
          >
            <svg
              aria-hidden="true"
              class="lucide lucide-flame w-5 h-5 fill-orange-200 
text-orange-200"
              fill="none"
              height="24"
              stroke="currentColor"
              stroke-linecap="round"
              stroke-linejoin="round"
              stroke-width="2"
              viewBox="0 0 24 24"
              width="24"
              xmlns="http://www.w3.org/2000/svg"
            >
              <path
                d="M12 3q1 4 4 6.5t3 5.5a1 1 0 0 1-14 0 5 5 0 0 1 1-3 1 1 0 0 
0 5 0c0-2-1.5-3-1.5-5q0-2 2.5-4"
              />
            </svg>
            <span
              class="text-3xl font-black tracking-tighter"
            >
               KCAL
            </span>
          </div>
        </div>
        <div
          class="w-[1px] h-10 bg-white/20"
        />
        <div
          class="flex flex-col"
        >
          <span
            class="text-orange-100 text-xs font-bold uppercase"
          >
            Portion
          </span>
          <span
            class="text-xl font-bold"
          >
             Serving
          </span>
        </div>
      </div>
    </div>
  </div>
  <div
    class="group-data-[size=sm]/card:px-3 p-8 space-y-8"
    data-slot="card-content"
  >
    <section
      class="space-y-6"
    >
      <div
        class="flex items-center gap-2 mb-4"
      >
        <svg
          aria-hidden="true"
          class="lucide lucide-scale w-5 h-5 text-orange-500"
          fill="none"
          height="24"
          stroke="currentColor"
          stroke-linecap="round"
          stroke-linejoin="round"
          stroke-width="2"
          viewBox="0 0 24 24"
          width="24"
          xmlns="http://www.w3.org/2000/svg"
        >
          <path
            d="M12 3v18"
          />
          <path
            d="m19 8 3 8a5 5 0 0 1-6 0zV7"
          />
          <path
            d="M3 7h1a17 17 0 0 0 8-2 17 17 0 0 0 8 2h1"
          />
          <path
            d="m5 8 3 8a5 5 0 0 1-6 0zV7"
          />
          <path
            d="M7 21h10"
          />
        </svg>
        <h4
          class="font-black text-zinc-900 dark:text-white uppercase 
tracking-tight"
        >
          Macro Distribution 
          <span
            class="text-zinc-400 font-medium normal-case"
          >
            (Total)
          </span>
        </h4>
      </div>
      <div
        class="grid md:grid-cols-3 gap-6"
      >
        <div
          class="space-y-1 w-full"
        >
          <div
            class="flex justify-between text-xs font-bold uppercase 
tracking-tighter"
          >
            <span
              class="text-zinc-500"
            >
              Protein
            </span>
            <span
              class="text-zinc-900 dark:text-zinc-100"
            >
              0
              g
            </span>
          </div>
          <div
            class="h-2 w-full bg-zinc-100 dark:bg-zinc-800 rounded-full 
overflow-hidden"
          >
            <div
              class="h-full bg-emerald-500 transition-all duration-1000 
ease-out"
              style="width: 0%;"
            />
          </div>
        </div>
        <div
          class="space-y-1 w-full"
        >
          <div
            class="flex justify-between text-xs font-bold uppercase 
tracking-tighter"
          >
            <span
              class="text-zinc-500"
            >
              Carbs
            </span>
            <span
              class="text-zinc-900 dark:text-zinc-100"
            >
              0
              g
            </span>
          </div>
          <div
            class="h-2 w-full bg-zinc-100 dark:bg-zinc-800 rounded-full 
overflow-hidden"
          >
            <div
              class="h-full bg-amber-500 transition-all duration-1000 ease-out"
              style="width: 0%;"
            />
          </div>
        </div>
        <div
          class="space-y-1 w-full"
        >
          <div
            class="flex justify-between text-xs font-bold uppercase 
tracking-tighter"
          >
            <span
              class="text-zinc-500"
            >
              Fats
            </span>
            <span
              class="text-zinc-900 dark:text-zinc-100"
            >
              0
              g
            </span>
          </div>
          <div
            class="h-2 w-full bg-zinc-100 dark:bg-zinc-800 rounded-full 
overflow-hidden"
          >
            <div
              class="h-full bg-rose-500 transition-all duration-1000 ease-out"
              style="width: 0%;"
            />
          </div>
        </div>
      </div>
      <div
        class="grid grid-cols-2 md:grid-cols-3 gap-4 pt-4 border-t 
border-zinc-100 dark:border-zinc-800"
      >
        <div
          class="bg-zinc-50 dark:bg-zinc-800/50 p-3 rounded-2xl"
        >
          <p
            class="text-[10px] font-black text-zinc-400 uppercase 
tracking-widest mb-1"
          >
            Fiber
          </p>
          <p
            class="font-bold text-zinc-900 dark:text-zinc-100"
          >
            0
            g
          </p>
        </div>
        <div
          class="bg-zinc-50 dark:bg-zinc-800/50 p-3 rounded-2xl"
        >
          <p
            class="text-[10px] font-black text-zinc-400 uppercase 
tracking-widest mb-1"
          >
            Sugars
          </p>
          <p
            class="font-bold text-zinc-900 dark:text-zinc-100"
          >
            0
            g
          </p>
        </div>
        <div
          class="bg-zinc-50 dark:bg-zinc-800/50 p-3 rounded-2xl"
        >
          <p
            class="text-[10px] font-black text-zinc-400 uppercase 
tracking-widest mb-1"
          >
            Sat. Fat
          </p>
          <p
            class="font-bold text-zinc-900 dark:text-zinc-100"
          >
            0
            g
          </p>
        </div>
      </div>
    </section>
  </div>
</div>

[36m [2mΓ¥»[22m src/components/meal/ResultCard.test.tsx:[2m42:34[22m[39m
    [90m 40|[39m
    [90m 41|[39m     [35mconst[39m { container } [33m=[39m 
[34mrender[39m([33m<[39m[33mResultCard[39m 
[33m/[39m[33m>[39m)[33m;[39m
    [90m 42|[39m     [34mexpect[39m(container[33m.[39mfirstChild)[33m.[
39m[34mtoBeNull[39m()[33m;[39m
    [90m   |[39m                                  [31m^[39m
    [90m 43|[39m   })[33m;[39m
    [90m 44|[39m

[31m[2mΓÄ»ΓÄ»ΓÄ»ΓÄ»ΓÄ»ΓÄ»ΓÄ»ΓÄ»ΓÄ»ΓÄ»ΓÄ»ΓÄ»ΓÄ»ΓÄ»ΓÄ»ΓÄ»ΓÄ»ΓÄ»ΓÄ»ΓÄ»ΓÄ»ΓÄ»ΓÄ»Γ
Ä»[4/9]ΓÄ»[22m[39m

[41m[1m FAIL [22m[49m src/components/meal/ResultCard.test.tsx[2m > 
[22mResultCard[2m > [22mrenders result card with correct data
[31m[1mTestingLibraryElementError[22m[39m: Unable to find an element with 
the text: Chicken Biryani. This could be because the text is broken up by 
multiple elements. In this case, you can provide a function for your text 
matcher to make your matcher more flexible.

Ignored nodes: comments, script, style
[36m<body>[39m
  [36m<div>[39m
    [36m<div[39m
      [33mclass[39m=[32m"group/card flex flex-col gap-4 text-sm 
text-card-foreground ring-1 ring-foreground/10 
has-data-[slot=card-footer]:pb-0 has-[>img:first-child]:pt-0 
data-[size=sm]:gap-3 data-[size=sm]:py-3 
data-[size=sm]:has-data-[slot=card-footer]:pb-0 
*:[img:first-child]:rounded-t-xl *:[img:last-child]:rounded-b-xl w-full 
border-none shadow-[0_20px_50px_rgba(0,0,0,0.08)] rounded-[2.5rem] bg-white/90 
dark:bg-zinc-900/90 backdrop-blur-xl overflow-hidden animate-in fade-in 
zoom-in-95 duration-500"[39m
      [33mdata-size[39m=[32m"default"[39m
      [33mdata-slot[39m=[32m"card"[39m
    [36m>[39m
      [36m<div[39m
        [33mclass[39m=[32m"bg-orange-500 p-8 text-white relative"[39m
      [36m>[39m
        [36m<div[39m
          [33mclass[39m=[32m"absolute top-0 right-0 p-6 opacity-20"[39m
        [36m>[39m
          [36m<svg[39m
            [33maria-hidden[39m=[32m"true"[39m
            [33mclass[39m=[32m"lucide lucide-chart-pie w-24 h-24 
rotate-12"[39m
            [33mfill[39m=[32m"none"[39m
            [33mheight[39m=[32m"24"[39m
            [33mstroke[39m=[32m"currentColor"[39m
            [33mstroke-linecap[39m=[32m"round"[39m
            [33mstroke-linejoin[39m=[32m"round"[39m
            [33mstroke-width[39m=[32m"2"[39m
            [33mviewBox[39m=[32m"0 0 24 24"[39m
            [33mwidth[39m=[32m"24"[39m
            [33mxmlns[39m=[32m"http://www.w3.org/2000/svg"[39m
          [36m>[39m
            [36m<path[39m
              [33md[39m=[32m"M21 12c.552 0 1.005-.449.95-.998a10 10 0 0 
0-8.953-8.951c-.55-.055-.998.398-.998.95v8a1 1 0 0 0 1 1z"[39m
            [36m/>[39m
            [36m<path[39m
              [33md[39m=[32m"M21.21 15.89A10 10 0 1 1 8 2.83"[39m
            [36m/>[39m
          [36m</svg>[39m
        [36m</div>[39m
        [36m<div[39m
          [33mclass[39m=[32m"relative z-10"[39m
        [36m>[39m
          [36m<span[39m
            [33mclass[39m=[32m"group/badge inline-flex h-5 w-fit shrink-0 
items-center justify-center gap-1 overflow-hidden border border-transparent 
text-xs font-medium whitespace-nowrap transition-all focus-visible:border-ring 
focus-visible:ring-[3px] focus-visible:ring-ring/50 
has-data-[icon=inline-end]:pr-1.5 has-data-[icon=inline-start]:pl-1.5 
aria-invalid:border-destructive aria-invalid:ring-destructive/20 
dark:aria-invalid:ring-destructive/40 [&>svg]:pointer-events-none 
[&>svg]:size-3! [a]:hover:bg-primary/80 bg-white/20 hover:bg-white/30 
text-white border-none mb-3 px-3 py-1 rounded-full backdrop-blur-md"[39m
            [33mdata-slot[39m=[32m"badge"[39m
            [33mdata-variant[39m=[32m"default"[39m
          [36m>[39m
            [0mAnalysis Result[0m
          [36m</span>[39m
          [36m<div[39m
            [33mclass[39m=[32m"group-data-[size=sm]/card:text-sm text-4xl 
font-black capitalize leading-tight mb-2"[39m
            [33mdata-slot[39m=[32m"card-title"[39m
          [36m/>[39m
          [36m<div[39m
            [33mclass[39m=[32m"flex items-center gap-6 mt-4"[39m
          [36m>[39m
            [36m<div[39m
              [33mclass[39m=[32m"flex flex-col"[39m
            [36m>[39m
              [36m<span[39m
                [33mclass[39m=[32m"text-orange-100 text-xs font-bold 
uppercase"[39m
              [36m>[39m
                [0mTotal Energy[0m
              [36m</span>[39m
              [36m<div[39m
                [33mclass[39m=[32m"flex items-center gap-1"[39m
              [36m>[39m
                [36m<svg[39m
                  [33maria-hidden[39m=[32m"true"[39m
                  [33mclass[39m=[32m"lucide lucide-flame w-5 h-5 
fill-orange-200 text-orange-200"[39m
                  [33mfill[39m=[32m"none"[39m
                  [33mheight[39m=[32m"24"[39m
                  [33mstroke[39m=[32m"currentColor"[39m
                  [33mstroke-linecap[39m=[32m"round"[39m
                  [33mstroke-linejoin[39m=[32m"round"[39m
                  [33mstroke-width[39m=[32m"2"[39m
                  [33mviewBox[39m=[32m"0 0 24 24"[39m
                  [33mwidth[39m=[32m"24"[39m
                  [33mxmlns[39m=[32m"http://www.w3.org/2000/svg"[39m
                [36m>[39m
                  [36m<path[39m
                    [33md[39m=[32m"M12 3q1 4 4 6.5t3 5.5a1 1 0 0 1-14 0 5 5 
0 0 1 1-3 1 1 0 0 0 5 0c0-2-1.5-3-1.5-5q0-2 2.5-4"[39m
                  [36m/>[39m
                [36m</svg>[39m
                [36m<span[39m
                  [33mclass[39m=[32m"text-3xl font-black 
tracking-tighter"[39m
                [36m>[39m
                  [0m KCAL[0m
                [36m</span>[39m
              [36m</div>[39m
            [36m</div>[39m
            [36m<div[39m
              [33mclass[39m=[32m"w-[1px] h-10 bg-white/20"[39m
            [36m/>[39m
            [36m<div[39m
              [33mclass[39m=[32m"flex flex-col"[39m
            [36m>[39m
              [36m<span[39m
                [33mclass[39m=[32m"text-orange-100 text-xs font-bold 
uppercase"[39m
              [36m>[39m
                [0mPortion[0m
              [36m</span>[39m
              [36m<span[39m
                [33mclass[39m=[32m"text-xl font-bold"[39m
              [36m>[39m
                [0m Serving[0m
              [36m</span>[39m
            [36m</div>[39m
          [36m</div>[39m
        [36m</div>[39m
      [36m</div>[39m
      [36m<div[39m
        [33mclass[39m=[32m"group-data-[size=sm]/card:px-3 p-8 
space-y-8"[39m
        [33mdata-slot[39m=[32m"card-content"[39m
      [36m>[39m
        [36m<section[39m
          [33mclass[39m=[32m"space-y-6"[39m
        [36m>[39m
          [36m<div[39m
            [33mclass[39m=[32m"flex items-center gap-2 mb-4"[39m
          [36m>[39m
            [36m<svg[39m
              [33maria-hidden[39m=[32m"true"[39m
              [33mclass[39m=[32m"lucide lucide-scale w-5 h-5 
text-orange-500"[39m
              [33mfill[39m=[32m"none"[39m
              [33mheight[39m=[32m"24"[39m
              [33mstroke[39m=[32m"currentColor"[39m
              [33mstroke-linecap[39m=[32m"round"[39m
              [33mstroke-linejoin[39m=[32m"round"[39m
              [33mstroke-width[39m=[32m"2"[39m
              [33mviewBox[39m=[32m"0 0 24 24"[39m
              [33mwidth[39m=[32m"24"[39m
              [33mxmlns[39m=[32m"http://www.w3.org/2000/svg"[39m
            [36m>[39m
              [36m<path[39m
                [33md[39m=[32m"M12 3v18"[39m
              [36m/>[39m
              [36m<path[39m
                [33md[39m=[32m"m19 8 3 8a5 5 0 0 1-6 0zV7"[39m
              [36m/>[39m
              [36m<path[39m
                [33md[39m=[32m"M3 7h1a17 17 0 0 0 8-2 17 17 0 0 0 8 
2h1"[39m
              [36m/>[39m
              [36m<path[39m
                [33md[39m=[32m"m5 8 3 8a5 5 0 0 1-6 0zV7"[39m
              [36m/>[39m
              [36m<path[39m
                [33md[39m=[32m"M7 21h10"[39m
              [36m/>[39m
            [36m</svg>[39m
            [36m<h4[39m
              [33mclass[39m=[32m"font-black text-zinc-900 dark:text-white 
uppercase tracking-tight"[39m
            [36m>[39m
              [0mMacro Distribution [0m
              [36m<span[39m
                [33mclass[39m=[32m"text-zinc-400 font-medium 
normal-case"[39m
              [36m>[39m
                [0m(Total)[0m
              [36m</span>[39m
            [36m</h4>[39m
          [36m</div>[39m
          [36m<div[39m
            [33mclass[39m=[32m"grid md:grid-cols-3 gap-6"[39m
          [36m>[39m
            [36m<div[39m
              [33mclass[39m=[32m"space-y-1 w-full"[39m
            [36m>[39m
              [36m<div[39m
                [33mclass[39m=[32m"flex justify-between text-xs font-bold 
uppercase tracking-tighter"[39m
              [36m>[39m
                [36m<span[39m
                  [33mclass[39m=[32m"text-zinc-500"[39m
                [36m>[39m
                  [0mProtein[0m
                [36m</span>[39m
                [36m<span[39m
                  [33mclass[39m=[32m"text-zinc-900 dark:text-zinc-100"[39m
                [36m>[39m
                  [0m0[0m
                  [0mg[0m
                [36m</span>[39m
              [36m</div>[39m
              [36m<div[39m
                [33mclass[39m=[32m"h-2 w-full bg-zinc-100 dark:bg-zinc-800 
rounded-full overflow-hidden"[39m
              [36m>[39m
                [36m<div[39m
                  [33mclass[39m=[32m"h-full bg-emerald-500 transition-all 
duration-1000 ease-out"[39m
                  [33mstyle[39m=[32m"width: 0%;"[39m
                [36m/>[39m
              [36m</div>[39m
            [36m</div>[39m
            [36m<div[39m
              [33mclass[39m=[32m"space-y-1 w-full"[39m
            [36m>[39m
              [36m<div[39m
                [33mclass[39m=[32m"flex justify-between text-xs font-bold 
uppercase tracking-tighter"[39m
              [36m>[39m
                [36m<span[39m
                  [33mclass[39m=[32m"text-zinc-500"[39m
                [36m>[39m
                  [0mCarbs[0m
                [36m</span>[39m
                [36m<span[39m
                  [33mclass[39m=[32m"text-zinc-900 dark:text-zinc-100"[39m
                [36m>[39m
                  [0m0[0m
                  [0mg[0m
                [36m</span>[39m
              [36m</div>[39m
              [36m<div[39m
                [33mclass[39m=[32m"h-2 w-full bg-zinc-100 dark:bg-zinc-800 
rounded-full overflow-hidden"[39m
              [36m>[39m
                [36m<div[39m
                  [33mclass[39m=[32m"h-full bg-amber-500 transition-all 
duration-1000 ease-out"[39m
                  [33mstyle[39m=[32m"width: 0%;"[39m
                [36m/>[39m
              [36m</div>[39m
            [36m</div>[39m
            [36m<div[39m
              [33mclass[39m=[32m"space-y-1 w-full"[39m
            [36m>[39m
              [36m<div[39m
                [33mclass[39m=[32m"flex justify-between text-xs font-bold 
uppercase tracking-tighter"[39m
              [36m>[39m
                [36m<span[39m
                  [33mclass[39m=[32m"text-zinc-500"[39m
                [36m>[39m
                  [0mFats[0m
                [36m</span>[39m
                [36m<span[39m
                  [33mclass[39m=[32m"text-zinc-900 dark:text-zinc-100"[39m
                [36m>[39m
                  [0m0[0m
                  [0mg[0m
                [36m</span>[39m
              [36m</div>[39m
              [36m<div[39m
                [33mclass[39m=[32m"h-2 w-full bg-zinc-100 dark:bg-zinc-800 
rounded-full overflow-hidden"[39m
              [36m>[39m
                [36m<div[39m
                  [33mclass[39m=[32m"h-full bg-rose-500 transition-all 
duration-1000 ease-out"[39m
                  [33mstyle[39m=[32m"width: 0%;"[39m
                [36m/>[39m
              [36m</div>[39m
            [36m</div>[39m
          [36m</div>[39m
          [36m<div[39m
            [33mclass[39m=[32m"grid grid-cols-2 md:grid-cols-3 gap-4 pt-4 
border-t border-zinc-100 dark:border-zinc-800"[39m
          [36m>[39m
            [36m<div[39m
              [33mclass[39m=[32m"bg-zinc-50 dark:bg-zinc-800/50 p-3 
rounded-2xl"[39m
            [36m>[39m
              [36m<p[39m
                [33mclass[39m=[32m"text-[10px] font-black text-zinc-400 
uppercase tracking-widest mb-1"[39m
              [36m>[39m
                [0mFiber[0m
              [36m</p>[39m
              [36m<p[39m
                [33mclass[39m=[32m"font-bold text-zinc-900 
dark:text-zinc-100"[39m
              [36m>[39m
                [0m0[0m
                [0mg[0m
              [36m</p>[39m
            [36m</div>[39m
            [36m<div[39m
              [33mclass[39m=[32m"bg-zinc-50 dark:bg-zinc-800/50 p-3 
rounded-2xl"[39m
            [36m>[39m
              [36m<p[39m
                [33mclass[39m=[32m"text-[10px] font-black text-zinc-400 
uppercase tracking-widest mb-1"[39m
              [36m>[39m
                [0mSugars[0m
              [36m</p>[39m
              [36m<p[39m
                [33mclass[39m=[32m"font-bold text-zinc-900 
dark:text-zinc-100"[39m
              [36m>[39m
                [0m0[0m
                [0mg[0m
              [36m</p>[39m
            [36m</div>[39m
            [36m<div[39m
              [33mclass[39m=[32m"bg-zinc-50 dark:bg-zinc-800/50 p-3 
rounded-2xl"[39m
            [36m>[39m
              [36m<p[39m
                [33mclass[39m=[32m"text-[10px] font-black text-zinc-400 
uppercase tracking-widest mb-1"[39m
              [36m>[39m
                [0mSat. Fat[0m
              [36m</p>[39m
              [36m<p[39m
                [33mclass[39m=[32m"font-bold text-zinc-900 
dark:text-zinc-100"[39m
              [36m>[39m
                [0m0[0m
                [0mg[0m
              [36m</p>[39m
            [36m</div>[39m
          [36m</div>[39m
        [36m</section>[39m
      [36m</div>[39m
    [36m</div>[39m
  [36m</div>[39m
[36m</body>[39m
[90m [2mΓ¥»[22m Object.getElementError 
node_modules/@testing-library/dom/dist/config.js:[2m37:19[22m[39m
[90m [2mΓ¥»[22m 
node_modules/@testing-library/dom/dist/query-helpers.js:[2m76:38[22m[39m
[90m [2mΓ¥»[22m 
node_modules/@testing-library/dom/dist/query-helpers.js:[2m52:17[22m[39m
[90m [2mΓ¥»[22m 
node_modules/@testing-library/dom/dist/query-helpers.js:[2m95:19[22m[39m
[36m [2mΓ¥»[22m src/components/meal/ResultCard.test.tsx:[2m50:19[22m[39m
    [90m 48|[39m     [34mrender[39m([33m<[39m[33mResultCard[39m 
[33m/[39m[33m>[39m)[33m;[39m
    [90m 49|[39m
    [90m 50|[39m     
[34mexpect[39m(screen[33m.[39m[34mgetByText[39m([32m'Chicken 
Biryani'[39m))[33m.[39m[34mtoBeInTheDocument[39m()[33m;[39m
    [90m   |[39m                   [31m^[39m
    [90m 51|[39m     
[34mexpect[39m(screen[33m.[39m[34mgetByText[39m([32m'900 
KCAL'[39m))[33m.[39m[34mtoBeInTheDocument[39m()[33m;[39m
    [90m 52|[39m     
[34mexpect[39m(screen[33m.[39m[34mgetByText[39m([32m'2 
Servings'[39m))[33m.[39m[34mtoBeInTheDocument[39m()[33m;[39m

[31m[2mΓÄ»ΓÄ»ΓÄ»ΓÄ»ΓÄ»ΓÄ»ΓÄ»ΓÄ»ΓÄ»ΓÄ»ΓÄ»ΓÄ»ΓÄ»ΓÄ»ΓÄ»ΓÄ»ΓÄ»ΓÄ»ΓÄ»ΓÄ»ΓÄ»ΓÄ»ΓÄ»Γ
Ä»[5/9]ΓÄ»[22m[39m

[41m[1m FAIL [22m[49m src/components/meal/ResultCard.test.tsx[2m > 
[22mResultCard[2m > [22mdisplays macro distribution correctly
[31m[1mTestingLibraryElementError[22m[39m: Unable to find an element with 
the text: 50g. This could be because the text is broken up by multiple 
elements. In this case, you can provide a function for your text matcher to 
make your matcher more flexible.

Ignored nodes: comments, script, style
[36m<body>[39m
  [36m<div>[39m
    [36m<div[39m
      [33mclass[39m=[32m"group/card flex flex-col gap-4 text-sm 
text-card-foreground ring-1 ring-foreground/10 
has-data-[slot=card-footer]:pb-0 has-[>img:first-child]:pt-0 
data-[size=sm]:gap-3 data-[size=sm]:py-3 
data-[size=sm]:has-data-[slot=card-footer]:pb-0 
*:[img:first-child]:rounded-t-xl *:[img:last-child]:rounded-b-xl w-full 
border-none shadow-[0_20px_50px_rgba(0,0,0,0.08)] rounded-[2.5rem] bg-white/90 
dark:bg-zinc-900/90 backdrop-blur-xl overflow-hidden animate-in fade-in 
zoom-in-95 duration-500"[39m
      [33mdata-size[39m=[32m"default"[39m
      [33mdata-slot[39m=[32m"card"[39m
    [36m>[39m
      [36m<div[39m
        [33mclass[39m=[32m"bg-orange-500 p-8 text-white relative"[39m
      [36m>[39m
        [36m<div[39m
          [33mclass[39m=[32m"absolute top-0 right-0 p-6 opacity-20"[39m
        [36m>[39m
          [36m<svg[39m
            [33maria-hidden[39m=[32m"true"[39m
            [33mclass[39m=[32m"lucide lucide-chart-pie w-24 h-24 
rotate-12"[39m
            [33mfill[39m=[32m"none"[39m
            [33mheight[39m=[32m"24"[39m
            [33mstroke[39m=[32m"currentColor"[39m
            [33mstroke-linecap[39m=[32m"round"[39m
            [33mstroke-linejoin[39m=[32m"round"[39m
            [33mstroke-width[39m=[32m"2"[39m
            [33mviewBox[39m=[32m"0 0 24 24"[39m
            [33mwidth[39m=[32m"24"[39m
            [33mxmlns[39m=[32m"http://www.w3.org/2000/svg"[39m
          [36m>[39m
            [36m<path[39m
              [33md[39m=[32m"M21 12c.552 0 1.005-.449.95-.998a10 10 0 0 
0-8.953-8.951c-.55-.055-.998.398-.998.95v8a1 1 0 0 0 1 1z"[39m
            [36m/>[39m
            [36m<path[39m
              [33md[39m=[32m"M21.21 15.89A10 10 0 1 1 8 2.83"[39m
            [36m/>[39m
          [36m</svg>[39m
        [36m</div>[39m
        [36m<div[39m
          [33mclass[39m=[32m"relative z-10"[39m
        [36m>[39m
          [36m<span[39m
            [33mclass[39m=[32m"group/badge inline-flex h-5 w-fit shrink-0 
items-center justify-center gap-1 overflow-hidden border border-transparent 
text-xs font-medium whitespace-nowrap transition-all focus-visible:border-ring 
focus-visible:ring-[3px] focus-visible:ring-ring/50 
has-data-[icon=inline-end]:pr-1.5 has-data-[icon=inline-start]:pl-1.5 
aria-invalid:border-destructive aria-invalid:ring-destructive/20 
dark:aria-invalid:ring-destructive/40 [&>svg]:pointer-events-none 
[&>svg]:size-3! [a]:hover:bg-primary/80 bg-white/20 hover:bg-white/30 
text-white border-none mb-3 px-3 py-1 rounded-full backdrop-blur-md"[39m
            [33mdata-slot[39m=[32m"badge"[39m
            [33mdata-variant[39m=[32m"default"[39m
          [36m>[39m
            [0mAnalysis Result[0m
          [36m</span>[39m
          [36m<div[39m
            [33mclass[39m=[32m"group-data-[size=sm]/card:text-sm text-4xl 
font-black capitalize leading-tight mb-2"[39m
            [33mdata-slot[39m=[32m"card-title"[39m
          [36m/>[39m
          [36m<div[39m
            [33mclass[39m=[32m"flex items-center gap-6 mt-4"[39m
          [36m>[39m
            [36m<div[39m
              [33mclass[39m=[32m"flex flex-col"[39m
            [36m>[39m
              [36m<span[39m
                [33mclass[39m=[32m"text-orange-100 text-xs font-bold 
uppercase"[39m
              [36m>[39m
                [0mTotal Energy[0m
              [36m</span>[39m
              [36m<div[39m
                [33mclass[39m=[32m"flex items-center gap-1"[39m
              [36m>[39m
                [36m<svg[39m
                  [33maria-hidden[39m=[32m"true"[39m
                  [33mclass[39m=[32m"lucide lucide-flame w-5 h-5 
fill-orange-200 text-orange-200"[39m
                  [33mfill[39m=[32m"none"[39m
                  [33mheight[39m=[32m"24"[39m
                  [33mstroke[39m=[32m"currentColor"[39m
                  [33mstroke-linecap[39m=[32m"round"[39m
                  [33mstroke-linejoin[39m=[32m"round"[39m
                  [33mstroke-width[39m=[32m"2"[39m
                  [33mviewBox[39m=[32m"0 0 24 24"[39m
                  [33mwidth[39m=[32m"24"[39m
                  [33mxmlns[39m=[32m"http://www.w3.org/2000/svg"[39m
                [36m>[39m
                  [36m<path[39m
                    [33md[39m=[32m"M12 3q1 4 4 6.5t3 5.5a1 1 0 0 1-14 0 5 5 
0 0 1 1-3 1 1 0 0 0 5 0c0-2-1.5-3-1.5-5q0-2 2.5-4"[39m
                  [36m/>[39m
                [36m</svg>[39m
                [36m<span[39m
                  [33mclass[39m=[32m"text-3xl font-black 
tracking-tighter"[39m
                [36m>[39m
                  [0m KCAL[0m
                [36m</span>[39m
              [36m</div>[39m
            [36m</div>[39m
            [36m<div[39m
              [33mclass[39m=[32m"w-[1px] h-10 bg-white/20"[39m
            [36m/>[39m
            [36m<div[39m
              [33mclass[39m=[32m"flex flex-col"[39m
            [36m>[39m
              [36m<span[39m
                [33mclass[39m=[32m"text-orange-100 text-xs font-bold 
uppercase"[39m
              [36m>[39m
                [0mPortion[0m
              [36m</span>[39m
              [36m<span[39m
                [33mclass[39m=[32m"text-xl font-bold"[39m
              [36m>[39m
                [0m Serving[0m
              [36m</span>[39m
            [36m</div>[39m
          [36m</div>[39m
        [36m</div>[39m
      [36m</div>[39m
      [36m<div[39m
        [33mclass[39m=[32m"group-data-[size=sm]/card:px-3 p-8 
space-y-8"[39m
        [33mdata-slot[39m=[32m"card-content"[39m
      [36m>[39m
        [36m<section[39m
          [33mclass[39m=[32m"space-y-6"[39m
        [36m>[39m
          [36m<div[39m
            [33mclass[39m=[32m"flex items-center gap-2 mb-4"[39m
          [36m>[39m
            [36m<svg[39m
              [33maria-hidden[39m=[32m"true"[39m
              [33mclass[39m=[32m"lucide lucide-scale w-5 h-5 
text-orange-500"[39m
              [33mfill[39m=[32m"none"[39m
              [33mheight[39m=[32m"24"[39m
              [33mstroke[39m=[32m"currentColor"[39m
              [33mstroke-linecap[39m=[32m"round"[39m
              [33mstroke-linejoin[39m=[32m"round"[39m
              [33mstroke-width[39m=[32m"2"[39m
              [33mviewBox[39m=[32m"0 0 24 24"[39m
              [33mwidth[39m=[32m"24"[39m
              [33mxmlns[39m=[32m"http://www.w3.org/2000/svg"[39m
            [36m>[39m
              [36m<path[39m
                [33md[39m=[32m"M12 3v18"[39m
              [36m/>[39m
              [36m<path[39m
                [33md[39m=[32m"m19 8 3 8a5 5 0 0 1-6 0zV7"[39m
              [36m/>[39m
              [36m<path[39m
                [33md[39m=[32m"M3 7h1a17 17 0 0 0 8-2 17 17 0 0 0 8 
2h1"[39m
              [36m/>[39m
              [36m<path[39m
                [33md[39m=[32m"m5 8 3 8a5 5 0 0 1-6 0zV7"[39m
              [36m/>[39m
              [36m<path[39m
                [33md[39m=[32m"M7 21h10"[39m
              [36m/>[39m
            [36m</svg>[39m
            [36m<h4[39m
              [33mclass[39m=[32m"font-black text-zinc-900 dark:text-white 
uppercase tracking-tight"[39m
            [36m>[39m
              [0mMacro Distribution [0m
              [36m<span[39m
                [33mclass[39m=[32m"text-zinc-400 font-medium 
normal-case"[39m
              [36m>[39m
                [0m(Total)[0m
              [36m</span>[39m
            [36m</h4>[39m
          [36m</div>[39m
          [36m<div[39m
            [33mclass[39m=[32m"grid md:grid-cols-3 gap-6"[39m
          [36m>[39m
            [36m<div[39m
              [33mclass[39m=[32m"space-y-1 w-full"[39m
            [36m>[39m
              [36m<div[39m
                [33mclass[39m=[32m"flex justify-between text-xs font-bold 
uppercase tracking-tighter"[39m
              [36m>[39m
                [36m<span[39m
                  [33mclass[39m=[32m"text-zinc-500"[39m
                [36m>[39m
                  [0mProtein[0m
                [36m</span>[39m
                [36m<span[39m
                  [33mclass[39m=[32m"text-zinc-900 dark:text-zinc-100"[39m
                [36m>[39m
                  [0m0[0m
                  [0mg[0m
                [36m</span>[39m
              [36m</div>[39m
              [36m<div[39m
                [33mclass[39m=[32m"h-2 w-full bg-zinc-100 dark:bg-zinc-800 
rounded-full overflow-hidden"[39m
              [36m>[39m
                [36m<div[39m
                  [33mclass[39m=[32m"h-full bg-emerald-500 transition-all 
duration-1000 ease-out"[39m
                  [33mstyle[39m=[32m"width: 0%;"[39m
                [36m/>[39m
              [36m</div>[39m
            [36m</div>[39m
            [36m<div[39m
              [33mclass[39m=[32m"space-y-1 w-full"[39m
            [36m>[39m
              [36m<div[39m
                [33mclass[39m=[32m"flex justify-between text-xs font-bold 
uppercase tracking-tighter"[39m
              [36m>[39m
                [36m<span[39m
                  [33mclass[39m=[32m"text-zinc-500"[39m
                [36m>[39m
                  [0mCarbs[0m
                [36m</span>[39m
                [36m<span[39m
                  [33mclass[39m=[32m"text-zinc-900 dark:text-zinc-100"[39m
                [36m>[39m
                  [0m0[0m
                  [0mg[0m
                [36m</span>[39m
              [36m</div>[39m
              [36m<div[39m
                [33mclass[39m=[32m"h-2 w-full bg-zinc-100 dark:bg-zinc-800 
rounded-full overflow-hidden"[39m
              [36m>[39m
                [36m<div[39m
                  [33mclass[39m=[32m"h-full bg-amber-500 transition-all 
duration-1000 ease-out"[39m
                  [33mstyle[39m=[32m"width: 0%;"[39m
                [36m/>[39m
              [36m</div>[39m
            [36m</div>[39m
            [36m<div[39m
              [33mclass[39m=[32m"space-y-1 w-full"[39m
            [36m>[39m
              [36m<div[39m
                [33mclass[39m=[32m"flex justify-between text-xs font-bold 
uppercase tracking-tighter"[39m
              [36m>[39m
                [36m<span[39m
                  [33mclass[39m=[32m"text-zinc-500"[39m
                [36m>[39m
                  [0mFats[0m
                [36m</span>[39m
                [36m<span[39m
                  [33mclass[39m=[32m"text-zinc-900 dark:text-zinc-100"[39m
                [36m>[39m
                  [0m0[0m
                  [0mg[0m
                [36m</span>[39m
              [36m</div>[39m
              [36m<div[39m
                [33mclass[39m=[32m"h-2 w-full bg-zinc-100 dark:bg-zinc-800 
rounded-full overflow-hidden"[39m
              [36m>[39m
                [36m<div[39m
                  [33mclass[39m=[32m"h-full bg-rose-500 transition-all 
duration-1000 ease-out"[39m
                  [33mstyle[39m=[32m"width: 0%;"[39m
                [36m/>[39m
              [36m</div>[39m
            [36m</div>[39m
          [36m</div>[39m
          [36m<div[39m
            [33mclass[39m=[32m"grid grid-cols-2 md:grid-cols-3 gap-4 pt-4 
border-t border-zinc-100 dark:border-zinc-800"[39m
          [36m>[39m
            [36m<div[39m
              [33mclass[39m=[32m"bg-zinc-50 dark:bg-zinc-800/50 p-3 
rounded-2xl"[39m
            [36m>[39m
              [36m<p[39m
                [33mclass[39m=[32m"text-[10px] font-black text-zinc-400 
uppercase tracking-widest mb-1"[39m
              [36m>[39m
                [0mFiber[0m
              [36m</p>[39m
              [36m<p[39m
                [33mclass[39m=[32m"font-bold text-zinc-900 
dark:text-zinc-100"[39m
              [36m>[39m
                [0m0[0m
                [0mg[0m
              [36m</p>[39m
            [36m</div>[39m
            [36m<div[39m
              [33mclass[39m=[32m"bg-zinc-50 dark:bg-zinc-800/50 p-3 
rounded-2xl"[39m
            [36m>[39m
              [36m<p[39m
                [33mclass[39m=[32m"text-[10px] font-black text-zinc-400 
uppercase tracking-widest mb-1"[39m
              [36m>[39m
                [0mSugars[0m
              [36m</p>[39m
              [36m<p[39m
                [33mclass[39m=[32m"font-bold text-zinc-900 
dark:text-zinc-100"[39m
              [36m>[39m
                [0m0[0m
                [0mg[0m
              [36m</p>[39m
            [36m</div>[39m
            [36m<div[39m
              [33mclass[39m=[32m"bg-zinc-50 dark:bg-zinc-800/50 p-3 
rounded-2xl"[39m
            [36m>[39m
              [36m<p[39m
                [33mclass[39m=[32m"text-[10px] font-black text-zinc-400 
uppercase tracking-widest mb-1"[39m
              [36m>[39m
                [0mSat. Fat[0m
              [36m</p>[39m
              [36m<p[39m
                [33mclass[39m=[32m"font-bold text-zinc-900 
dark:text-zinc-100"[39m
              [36m>[39m
                [0m0[0m
                [0mg[0m
              [36m</p>[39m
            [36m</div>[39m
          [36m</div>[39m
        [36m</section>[39m
      [36m</div>[39m
    [36m</div>[39m
  [36m</div>[39m
[36m</body>[39m
[90m [2mΓ¥»[22m Object.getElementError 
node_modules/@testing-library/dom/dist/config.js:[2m37:19[22m[39m
[90m [2mΓ¥»[22m 
node_modules/@testing-library/dom/dist/query-helpers.js:[2m76:38[22m[39m
[90m [2mΓ¥»[22m 
node_modules/@testing-library/dom/dist/query-helpers.js:[2m52:17[22m[39m
[90m [2mΓ¥»[22m 
node_modules/@testing-library/dom/dist/query-helpers.js:[2m95:19[22m[39m
[36m [2mΓ¥»[22m src/components/meal/ResultCard.test.tsx:[2m62:19[22m[39m
    [90m 60|[39m
    [90m 61|[39m     [34mexpect[39m(screen[33m.[39m[34mgetByText[39m([
32m'Protein'[39m))[33m.[39m[34mtoBeInTheDocument[39m()[33m;[39m
    [90m 62|[39m     [34mexpect[39m(screen[33m.[39m[34mgetByText[39m([
32m'50g'[39m))[33m.[39m[34mtoBeInTheDocument[39m()[33m;[39m
    [90m   |[39m                   [31m^[39m
    [90m 63|[39m     [34mexpect[39m(screen[33m.[39m[34mgetByText[39m([
32m'Carbs'[39m))[33m.[39m[34mtoBeInTheDocument[39m()[33m;[39m
    [90m 64|[39m     [34mexpect[39m(screen[33m.[39m[34mgetByText[39m([
32m'100g'[39m))[33m.[39m[34mtoBeInTheDocument[39m()[33m;[39m

[31m[2mΓÄ»ΓÄ»ΓÄ»ΓÄ»ΓÄ»ΓÄ»ΓÄ»ΓÄ»ΓÄ»ΓÄ»ΓÄ»ΓÄ»ΓÄ»ΓÄ»ΓÄ»ΓÄ»ΓÄ»ΓÄ»ΓÄ»ΓÄ»ΓÄ»ΓÄ»ΓÄ»Γ
Ä»[6/9]ΓÄ»[22m[39m

[41m[1m FAIL [22m[49m src/components/meal/ResultCard.test.tsx[2m > 
[22mResultCard[2m > [22mdisplays additional macro details
[31m[1mTestingLibraryElementError[22m[39m: Unable to find an element with 
the text: 6g. This could be because the text is broken up by multiple 
elements. In this case, you can provide a function for your text matcher to 
make your matcher more flexible.

Ignored nodes: comments, script, style
[36m<body>[39m
  [36m<div>[39m
    [36m<div[39m
      [33mclass[39m=[32m"group/card flex flex-col gap-4 text-sm 
text-card-foreground ring-1 ring-foreground/10 
has-data-[slot=card-footer]:pb-0 has-[>img:first-child]:pt-0 
data-[size=sm]:gap-3 data-[size=sm]:py-3 
data-[size=sm]:has-data-[slot=card-footer]:pb-0 
*:[img:first-child]:rounded-t-xl *:[img:last-child]:rounded-b-xl w-full 
border-none shadow-[0_20px_50px_rgba(0,0,0,0.08)] rounded-[2.5rem] bg-white/90 
dark:bg-zinc-900/90 backdrop-blur-xl overflow-hidden animate-in fade-in 
zoom-in-95 duration-500"[39m
      [33mdata-size[39m=[32m"default"[39m
      [33mdata-slot[39m=[32m"card"[39m
    [36m>[39m
      [36m<div[39m
        [33mclass[39m=[32m"bg-orange-500 p-8 text-white relative"[39m
      [36m>[39m
        [36m<div[39m
          [33mclass[39m=[32m"absolute top-0 right-0 p-6 opacity-20"[39m
        [36m>[39m
          [36m<svg[39m
            [33maria-hidden[39m=[32m"true"[39m
            [33mclass[39m=[32m"lucide lucide-chart-pie w-24 h-24 
rotate-12"[39m
            [33mfill[39m=[32m"none"[39m
            [33mheight[39m=[32m"24"[39m
            [33mstroke[39m=[32m"currentColor"[39m
            [33mstroke-linecap[39m=[32m"round"[39m
            [33mstroke-linejoin[39m=[32m"round"[39m
            [33mstroke-width[39m=[32m"2"[39m
            [33mviewBox[39m=[32m"0 0 24 24"[39m
            [33mwidth[39m=[32m"24"[39m
            [33mxmlns[39m=[32m"http://www.w3.org/2000/svg"[39m
          [36m>[39m
            [36m<path[39m
              [33md[39m=[32m"M21 12c.552 0 1.005-.449.95-.998a10 10 0 0 
0-8.953-8.951c-.55-.055-.998.398-.998.95v8a1 1 0 0 0 1 1z"[39m
            [36m/>[39m
            [36m<path[39m
              [33md[39m=[32m"M21.21 15.89A10 10 0 1 1 8 2.83"[39m
            [36m/>[39m
          [36m</svg>[39m
        [36m</div>[39m
        [36m<div[39m
          [33mclass[39m=[32m"relative z-10"[39m
        [36m>[39m
          [36m<span[39m
            [33mclass[39m=[32m"group/badge inline-flex h-5 w-fit shrink-0 
items-center justify-center gap-1 overflow-hidden border border-transparent 
text-xs font-medium whitespace-nowrap transition-all focus-visible:border-ring 
focus-visible:ring-[3px] focus-visible:ring-ring/50 
has-data-[icon=inline-end]:pr-1.5 has-data-[icon=inline-start]:pl-1.5 
aria-invalid:border-destructive aria-invalid:ring-destructive/20 
dark:aria-invalid:ring-destructive/40 [&>svg]:pointer-events-none 
[&>svg]:size-3! [a]:hover:bg-primary/80 bg-white/20 hover:bg-white/30 
text-white border-none mb-3 px-3 py-1 rounded-full backdrop-blur-md"[39m
            [33mdata-slot[39m=[32m"badge"[39m
            [33mdata-variant[39m=[32m"default"[39m
          [36m>[39m
            [0mAnalysis Result[0m
          [36m</span>[39m
          [36m<div[39m
            [33mclass[39m=[32m"group-data-[size=sm]/card:text-sm text-4xl 
font-black capitalize leading-tight mb-2"[39m
            [33mdata-slot[39m=[32m"card-title"[39m
          [36m/>[39m
          [36m<div[39m
            [33mclass[39m=[32m"flex items-center gap-6 mt-4"[39m
          [36m>[39m
            [36m<div[39m
              [33mclass[39m=[32m"flex flex-col"[39m
            [36m>[39m
              [36m<span[39m
                [33mclass[39m=[32m"text-orange-100 text-xs font-bold 
uppercase"[39m
              [36m>[39m
                [0mTotal Energy[0m
              [36m</span>[39m
              [36m<div[39m
                [33mclass[39m=[32m"flex items-center gap-1"[39m
              [36m>[39m
                [36m<svg[39m
                  [33maria-hidden[39m=[32m"true"[39m
                  [33mclass[39m=[32m"lucide lucide-flame w-5 h-5 
fill-orange-200 text-orange-200"[39m
                  [33mfill[39m=[32m"none"[39m
                  [33mheight[39m=[32m"24"[39m
                  [33mstroke[39m=[32m"currentColor"[39m
                  [33mstroke-linecap[39m=[32m"round"[39m
                  [33mstroke-linejoin[39m=[32m"round"[39m
                  [33mstroke-width[39m=[32m"2"[39m
                  [33mviewBox[39m=[32m"0 0 24 24"[39m
                  [33mwidth[39m=[32m"24"[39m
                  [33mxmlns[39m=[32m"http://www.w3.org/2000/svg"[39m
                [36m>[39m
                  [36m<path[39m
                    [33md[39m=[32m"M12 3q1 4 4 6.5t3 5.5a1 1 0 0 1-14 0 5 5 
0 0 1 1-3 1 1 0 0 0 5 0c0-2-1.5-3-1.5-5q0-2 2.5-4"[39m
                  [36m/>[39m
                [36m</svg>[39m
                [36m<span[39m
                  [33mclass[39m=[32m"text-3xl font-black 
tracking-tighter"[39m
                [36m>[39m
                  [0m KCAL[0m
                [36m</span>[39m
              [36m</div>[39m
            [36m</div>[39m
            [36m<div[39m
              [33mclass[39m=[32m"w-[1px] h-10 bg-white/20"[39m
            [36m/>[39m
            [36m<div[39m
              [33mclass[39m=[32m"flex flex-col"[39m
            [36m>[39m
              [36m<span[39m
                [33mclass[39m=[32m"text-orange-100 text-xs font-bold 
uppercase"[39m
              [36m>[39m
                [0mPortion[0m
              [36m</span>[39m
              [36m<span[39m
                [33mclass[39m=[32m"text-xl font-bold"[39m
              [36m>[39m
                [0m Serving[0m
              [36m</span>[39m
            [36m</div>[39m
          [36m</div>[39m
        [36m</div>[39m
      [36m</div>[39m
      [36m<div[39m
        [33mclass[39m=[32m"group-data-[size=sm]/card:px-3 p-8 
space-y-8"[39m
        [33mdata-slot[39m=[32m"card-content"[39m
      [36m>[39m
        [36m<section[39m
          [33mclass[39m=[32m"space-y-6"[39m
        [36m>[39m
          [36m<div[39m
            [33mclass[39m=[32m"flex items-center gap-2 mb-4"[39m
          [36m>[39m
            [36m<svg[39m
              [33maria-hidden[39m=[32m"true"[39m
              [33mclass[39m=[32m"lucide lucide-scale w-5 h-5 
text-orange-500"[39m
              [33mfill[39m=[32m"none"[39m
              [33mheight[39m=[32m"24"[39m
              [33mstroke[39m=[32m"currentColor"[39m
              [33mstroke-linecap[39m=[32m"round"[39m
              [33mstroke-linejoin[39m=[32m"round"[39m
              [33mstroke-width[39m=[32m"2"[39m
              [33mviewBox[39m=[32m"0 0 24 24"[39m
              [33mwidth[39m=[32m"24"[39m
              [33mxmlns[39m=[32m"http://www.w3.org/2000/svg"[39m
            [36m>[39m
              [36m<path[39m
                [33md[39m=[32m"M12 3v18"[39m
              [36m/>[39m
              [36m<path[39m
                [33md[39m=[32m"m19 8 3 8a5 5 0 0 1-6 0zV7"[39m
              [36m/>[39m
              [36m<path[39m
                [33md[39m=[32m"M3 7h1a17 17 0 0 0 8-2 17 17 0 0 0 8 
2h1"[39m
              [36m/>[39m
              [36m<path[39m
                [33md[39m=[32m"m5 8 3 8a5 5 0 0 1-6 0zV7"[39m
              [36m/>[39m
              [36m<path[39m
                [33md[39m=[32m"M7 21h10"[39m
              [36m/>[39m
            [36m</svg>[39m
            [36m<h4[39m
              [33mclass[39m=[32m"font-black text-zinc-900 dark:text-white 
uppercase tracking-tight"[39m
            [36m>[39m
              [0mMacro Distribution [0m
              [36m<span[39m
                [33mclass[39m=[32m"text-zinc-400 font-medium 
normal-case"[39m
              [36m>[39m
                [0m(Total)[0m
              [36m</span>[39m
            [36m</h4>[39m
          [36m</div>[39m
          [36m<div[39m
            [33mclass[39m=[32m"grid md:grid-cols-3 gap-6"[39m
          [36m>[39m
            [36m<div[39m
              [33mclass[39m=[32m"space-y-1 w-full"[39m
            [36m>[39m
              [36m<div[39m
                [33mclass[39m=[32m"flex justify-between text-xs font-bold 
uppercase tracking-tighter"[39m
              [36m>[39m
                [36m<span[39m
                  [33mclass[39m=[32m"text-zinc-500"[39m
                [36m>[39m
                  [0mProtein[0m
                [36m</span>[39m
                [36m<span[39m
                  [33mclass[39m=[32m"text-zinc-900 dark:text-zinc-100"[39m
                [36m>[39m
                  [0m0[0m
                  [0mg[0m
                [36m</span>[39m
              [36m</div>[39m
              [36m<div[39m
                [33mclass[39m=[32m"h-2 w-full bg-zinc-100 dark:bg-zinc-800 
rounded-full overflow-hidden"[39m
              [36m>[39m
                [36m<div[39m
                  [33mclass[39m=[32m"h-full bg-emerald-500 transition-all 
duration-1000 ease-out"[39m
                  [33mstyle[39m=[32m"width: 0%;"[39m
                [36m/>[39m
              [36m</div>[39m
            [36m</div>[39m
            [36m<div[39m
              [33mclass[39m=[32m"space-y-1 w-full"[39m
            [36m>[39m
              [36m<div[39m
                [33mclass[39m=[32m"flex justify-between text-xs font-bold 
uppercase tracking-tighter"[39m
              [36m>[39m
                [36m<span[39m
                  [33mclass[39m=[32m"text-zinc-500"[39m
                [36m>[39m
                  [0mCarbs[0m
                [36m</span>[39m
                [36m<span[39m
                  [33mclass[39m=[32m"text-zinc-900 dark:text-zinc-100"[39m
                [36m>[39m
                  [0m0[0m
                  [0mg[0m
                [36m</span>[39m
              [36m</div>[39m
              [36m<div[39m
                [33mclass[39m=[32m"h-2 w-full bg-zinc-100 dark:bg-zinc-800 
rounded-full overflow-hidden"[39m
              [36m>[39m
                [36m<div[39m
                  [33mclass[39m=[32m"h-full bg-amber-500 transition-all 
duration-1000 ease-out"[39m
                  [33mstyle[39m=[32m"width: 0%;"[39m
                [36m/>[39m
              [36m</div>[39m
            [36m</div>[39m
            [36m<div[39m
              [33mclass[39m=[32m"space-y-1 w-full"[39m
            [36m>[39m
              [36m<div[39m
                [33mclass[39m=[32m"flex justify-between text-xs font-bold 
uppercase tracking-tighter"[39m
              [36m>[39m
                [36m<span[39m
                  [33mclass[39m=[32m"text-zinc-500"[39m
                [36m>[39m
                  [0mFats[0m
                [36m</span>[39m
                [36m<span[39m
                  [33mclass[39m=[32m"text-zinc-900 dark:text-zinc-100"[39m
                [36m>[39m
                  [0m0[0m
                  [0mg[0m
                [36m</span>[39m
              [36m</div>[39m
              [36m<div[39m
                [33mclass[39m=[32m"h-2 w-full bg-zinc-100 dark:bg-zinc-800 
rounded-full overflow-hidden"[39m
              [36m>[39m
                [36m<div[39m
                  [33mclass[39m=[32m"h-full bg-rose-500 transition-all 
duration-1000 ease-out"[39m
                  [33mstyle[39m=[32m"width: 0%;"[39m
                [36m/>[39m
              [36m</div>[39m
            [36m</div>[39m
          [36m</div>[39m
          [36m<div[39m
            [33mclass[39m=[32m"grid grid-cols-2 md:grid-cols-3 gap-4 pt-4 
border-t border-zinc-100 dark:border-zinc-800"[39m
          [36m>[39m
            [36m<div[39m
              [33mclass[39m=[32m"bg-zinc-50 dark:bg-zinc-800/50 p-3 
rounded-2xl"[39m
            [36m>[39m
              [36m<p[39m
                [33mclass[39m=[32m"text-[10px] font-black text-zinc-400 
uppercase tracking-widest mb-1"[39m
              [36m>[39m
                [0mFiber[0m
              [36m</p>[39m
              [36m<p[39m
                [33mclass[39m=[32m"font-bold text-zinc-900 
dark:text-zinc-100"[39m
              [36m>[39m
                [0m0[0m
                [0mg[0m
              [36m</p>[39m
            [36m</div>[39m
            [36m<div[39m
              [33mclass[39m=[32m"bg-zinc-50 dark:bg-zinc-800/50 p-3 
rounded-2xl"[39m
            [36m>[39m
              [36m<p[39m
                [33mclass[39m=[32m"text-[10px] font-black text-zinc-400 
uppercase tracking-widest mb-1"[39m
              [36m>[39m
                [0mSugars[0m
              [36m</p>[39m
              [36m<p[39m
                [33mclass[39m=[32m"font-bold text-zinc-900 
dark:text-zinc-100"[39m
              [36m>[39m
                [0m0[0m
                [0mg[0m
              [36m</p>[39m
            [36m</div>[39m
            [36m<div[39m
              [33mclass[39m=[32m"bg-zinc-50 dark:bg-zinc-800/50 p-3 
rounded-2xl"[39m
            [36m>[39m
              [36m<p[39m
                [33mclass[39m=[32m"text-[10px] font-black text-zinc-400 
uppercase tracking-widest mb-1"[39m
              [36m>[39m
                [0mSat. Fat[0m
              [36m</p>[39m
              [36m<p[39m
                [33mclass[39m=[32m"font-bold text-zinc-900 
dark:text-zinc-100"[39m
              [36m>[39m
                [0m0[0m
                [0mg[0m
              [36m</p>[39m
            [36m</div>[39m
          [36m</div>[39m
        [36m</section>[39m
      [36m</div>[39m
    [36m</div>[39m
  [36m</div>[39m
[36m</body>[39m
[90m [2mΓ¥»[22m Object.getElementError 
node_modules/@testing-library/dom/dist/config.js:[2m37:19[22m[39m
[90m [2mΓ¥»[22m 
node_modules/@testing-library/dom/dist/query-helpers.js:[2m76:38[22m[39m
[90m [2mΓ¥»[22m 
node_modules/@testing-library/dom/dist/query-helpers.js:[2m52:17[22m[39m
[90m [2mΓ¥»[22m 
node_modules/@testing-library/dom/dist/query-helpers.js:[2m95:19[22m[39m
[36m [2mΓ¥»[22m src/components/meal/ResultCard.test.tsx:[2m75:19[22m[39m
    [90m 73|[39m
    [90m 74|[39m     [34mexpect[39m(screen[33m.[39m[34mgetByText[39m([
32m'Fiber'[39m))[33m.[39m[34mtoBeInTheDocument[39m()[33m;[39m
    [90m 75|[39m     [34mexpect[39m(screen[33m.[39m[34mgetByText[39m([
32m'6g'[39m))[33m.[39m[34mtoBeInTheDocument[39m()[33m;[39m
    [90m   |[39m                   [31m^[39m
    [90m 76|[39m     [34mexpect[39m(screen[33m.[39m[34mgetByText[39m([
32m'Sugars'[39m))[33m.[39m[34mtoBeInTheDocument[39m()[33m;[39m
    [90m 77|[39m     [34mexpect[39m(screen[33m.[39m[34mgetByText[39m([
32m'10g'[39m))[33m.[39m[34mtoBeInTheDocument[39m()[33m;[39m

[31m[2mΓÄ»ΓÄ»ΓÄ»ΓÄ»ΓÄ»ΓÄ»ΓÄ»ΓÄ»ΓÄ»ΓÄ»ΓÄ»ΓÄ»ΓÄ»ΓÄ»ΓÄ»ΓÄ»ΓÄ»ΓÄ»ΓÄ»ΓÄ»ΓÄ»ΓÄ»ΓÄ»Γ
Ä»[7/9]ΓÄ»[22m[39m

[41m[1m FAIL [22m[49m src/components/meal/ResultCard.test.tsx[2m > 
[22mResultCard[2m > [22mdisplays source information when available
[31m[1mTestingLibraryElementError[22m[39m: Unable to find an element with 
the text: Verified via USDA database. This could be because the text is broken 
up by multiple elements. In this case, you can provide a function for your 
text matcher to make your matcher more flexible.

Ignored nodes: comments, script, style
[36m<body>[39m
  [36m<div>[39m
    [36m<div[39m
      [33mclass[39m=[32m"group/card flex flex-col gap-4 text-sm 
text-card-foreground ring-1 ring-foreground/10 
has-data-[slot=card-footer]:pb-0 has-[>img:first-child]:pt-0 
data-[size=sm]:gap-3 data-[size=sm]:py-3 
data-[size=sm]:has-data-[slot=card-footer]:pb-0 
*:[img:first-child]:rounded-t-xl *:[img:last-child]:rounded-b-xl w-full 
border-none shadow-[0_20px_50px_rgba(0,0,0,0.08)] rounded-[2.5rem] bg-white/90 
dark:bg-zinc-900/90 backdrop-blur-xl overflow-hidden animate-in fade-in 
zoom-in-95 duration-500"[39m
      [33mdata-size[39m=[32m"default"[39m
      [33mdata-slot[39m=[32m"card"[39m
    [36m>[39m
      [36m<div[39m
        [33mclass[39m=[32m"bg-orange-500 p-8 text-white relative"[39m
      [36m>[39m
        [36m<div[39m
          [33mclass[39m=[32m"absolute top-0 right-0 p-6 opacity-20"[39m
        [36m>[39m
          [36m<svg[39m
            [33maria-hidden[39m=[32m"true"[39m
            [33mclass[39m=[32m"lucide lucide-chart-pie w-24 h-24 
rotate-12"[39m
            [33mfill[39m=[32m"none"[39m
            [33mheight[39m=[32m"24"[39m
            [33mstroke[39m=[32m"currentColor"[39m
            [33mstroke-linecap[39m=[32m"round"[39m
            [33mstroke-linejoin[39m=[32m"round"[39m
            [33mstroke-width[39m=[32m"2"[39m
            [33mviewBox[39m=[32m"0 0 24 24"[39m
            [33mwidth[39m=[32m"24"[39m
            [33mxmlns[39m=[32m"http://www.w3.org/2000/svg"[39m
          [36m>[39m
            [36m<path[39m
              [33md[39m=[32m"M21 12c.552 0 1.005-.449.95-.998a10 10 0 0 
0-8.953-8.951c-.55-.055-.998.398-.998.95v8a1 1 0 0 0 1 1z"[39m
            [36m/>[39m
            [36m<path[39m
              [33md[39m=[32m"M21.21 15.89A10 10 0 1 1 8 2.83"[39m
            [36m/>[39m
          [36m</svg>[39m
        [36m</div>[39m
        [36m<div[39m
          [33mclass[39m=[32m"relative z-10"[39m
        [36m>[39m
          [36m<span[39m
            [33mclass[39m=[32m"group/badge inline-flex h-5 w-fit shrink-0 
items-center justify-center gap-1 overflow-hidden border border-transparent 
text-xs font-medium whitespace-nowrap transition-all focus-visible:border-ring 
focus-visible:ring-[3px] focus-visible:ring-ring/50 
has-data-[icon=inline-end]:pr-1.5 has-data-[icon=inline-start]:pl-1.5 
aria-invalid:border-destructive aria-invalid:ring-destructive/20 
dark:aria-invalid:ring-destructive/40 [&>svg]:pointer-events-none 
[&>svg]:size-3! [a]:hover:bg-primary/80 bg-white/20 hover:bg-white/30 
text-white border-none mb-3 px-3 py-1 rounded-full backdrop-blur-md"[39m
            [33mdata-slot[39m=[32m"badge"[39m
            [33mdata-variant[39m=[32m"default"[39m
          [36m>[39m
            [0mAnalysis Result[0m
          [36m</span>[39m
          [36m<div[39m
            [33mclass[39m=[32m"group-data-[size=sm]/card:text-sm text-4xl 
font-black capitalize leading-tight mb-2"[39m
            [33mdata-slot[39m=[32m"card-title"[39m
          [36m/>[39m
          [36m<div[39m
            [33mclass[39m=[32m"flex items-center gap-6 mt-4"[39m
          [36m>[39m
            [36m<div[39m
              [33mclass[39m=[32m"flex flex-col"[39m
            [36m>[39m
              [36m<span[39m
                [33mclass[39m=[32m"text-orange-100 text-xs font-bold 
uppercase"[39m
              [36m>[39m
                [0mTotal Energy[0m
              [36m</span>[39m
              [36m<div[39m
                [33mclass[39m=[32m"flex items-center gap-1"[39m
              [36m>[39m
                [36m<svg[39m
                  [33maria-hidden[39m=[32m"true"[39m
                  [33mclass[39m=[32m"lucide lucide-flame w-5 h-5 
fill-orange-200 text-orange-200"[39m
                  [33mfill[39m=[32m"none"[39m
                  [33mheight[39m=[32m"24"[39m
                  [33mstroke[39m=[32m"currentColor"[39m
                  [33mstroke-linecap[39m=[32m"round"[39m
                  [33mstroke-linejoin[39m=[32m"round"[39m
                  [33mstroke-width[39m=[32m"2"[39m
                  [33mviewBox[39m=[32m"0 0 24 24"[39m
                  [33mwidth[39m=[32m"24"[39m
                  [33mxmlns[39m=[32m"http://www.w3.org/2000/svg"[39m
                [36m>[39m
                  [36m<path[39m
                    [33md[39m=[32m"M12 3q1 4 4 6.5t3 5.5a1 1 0 0 1-14 0 5 5 
0 0 1 1-3 1 1 0 0 0 5 0c0-2-1.5-3-1.5-5q0-2 2.5-4"[39m
                  [36m/>[39m
                [36m</svg>[39m
                [36m<span[39m
                  [33mclass[39m=[32m"text-3xl font-black 
tracking-tighter"[39m
                [36m>[39m
                  [0m KCAL[0m
                [36m</span>[39m
              [36m</div>[39m
            [36m</div>[39m
            [36m<div[39m
              [33mclass[39m=[32m"w-[1px] h-10 bg-white/20"[39m
            [36m/>[39m
            [36m<div[39m
              [33mclass[39m=[32m"flex flex-col"[39m
            [36m>[39m
              [36m<span[39m
                [33mclass[39m=[32m"text-orange-100 text-xs font-bold 
uppercase"[39m
              [36m>[39m
                [0mPortion[0m
              [36m</span>[39m
              [36m<span[39m
                [33mclass[39m=[32m"text-xl font-bold"[39m
              [36m>[39m
                [0m Serving[0m
              [36m</span>[39m
            [36m</div>[39m
          [36m</div>[39m
        [36m</div>[39m
      [36m</div>[39m
      [36m<div[39m
        [33mclass[39m=[32m"group-data-[size=sm]/card:px-3 p-8 
space-y-8"[39m
        [33mdata-slot[39m=[32m"card-content"[39m
      [36m>[39m
        [36m<section[39m
          [33mclass[39m=[32m"space-y-6"[39m
        [36m>[39m
          [36m<div[39m
            [33mclass[39m=[32m"flex items-center gap-2 mb-4"[39m
          [36m>[39m
            [36m<svg[39m
              [33maria-hidden[39m=[32m"true"[39m
              [33mclass[39m=[32m"lucide lucide-scale w-5 h-5 
text-orange-500"[39m
              [33mfill[39m=[32m"none"[39m
              [33mheight[39m=[32m"24"[39m
              [33mstroke[39m=[32m"currentColor"[39m
              [33mstroke-linecap[39m=[32m"round"[39m
              [33mstroke-linejoin[39m=[32m"round"[39m
              [33mstroke-width[39m=[32m"2"[39m
              [33mviewBox[39m=[32m"0 0 24 24"[39m
              [33mwidth[39m=[32m"24"[39m
              [33mxmlns[39m=[32m"http://www.w3.org/2000/svg"[39m
            [36m>[39m
              [36m<path[39m
                [33md[39m=[32m"M12 3v18"[39m
              [36m/>[39m
              [36m<path[39m
                [33md[39m=[32m"m19 8 3 8a5 5 0 0 1-6 0zV7"[39m
              [36m/>[39m
              [36m<path[39m
                [33md[39m=[32m"M3 7h1a17 17 0 0 0 8-2 17 17 0 0 0 8 
2h1"[39m
              [36m/>[39m
              [36m<path[39m
                [33md[39m=[32m"m5 8 3 8a5 5 0 0 1-6 0zV7"[39m
              [36m/>[39m
              [36m<path[39m
                [33md[39m=[32m"M7 21h10"[39m
              [36m/>[39m
            [36m</svg>[39m
            [36m<h4[39m
              [33mclass[39m=[32m"font-black text-zinc-900 dark:text-white 
uppercase tracking-tight"[39m
            [36m>[39m
              [0mMacro Distribution [0m
              [36m<span[39m
                [33mclass[39m=[32m"text-zinc-400 font-medium 
normal-case"[39m
              [36m>[39m
                [0m(Total)[0m
              [36m</span>[39m
            [36m</h4>[39m
          [36m</div>[39m
          [36m<div[39m
            [33mclass[39m=[32m"grid md:grid-cols-3 gap-6"[39m
          [36m>[39m
            [36m<div[39m
              [33mclass[39m=[32m"space-y-1 w-full"[39m
            [36m>[39m
              [36m<div[39m
                [33mclass[39m=[32m"flex justify-between text-xs font-bold 
uppercase tracking-tighter"[39m
              [36m>[39m
                [36m<span[39m
                  [33mclass[39m=[32m"text-zinc-500"[39m
                [36m>[39m
                  [0mProtein[0m
                [36m</span>[39m
                [36m<span[39m
                  [33mclass[39m=[32m"text-zinc-900 dark:text-zinc-100"[39m
                [36m>[39m
                  [0m0[0m
                  [0mg[0m
                [36m</span>[39m
              [36m</div>[39m
              [36m<div[39m
                [33mclass[39m=[32m"h-2 w-full bg-zinc-100 dark:bg-zinc-800 
rounded-full overflow-hidden"[39m
              [36m>[39m
                [36m<div[39m
                  [33mclass[39m=[32m"h-full bg-emerald-500 transition-all 
duration-1000 ease-out"[39m
                  [33mstyle[39m=[32m"width: 0%;"[39m
                [36m/>[39m
              [36m</div>[39m
            [36m</div>[39m
            [36m<div[39m
              [33mclass[39m=[32m"space-y-1 w-full"[39m
            [36m>[39m
              [36m<div[39m
                [33mclass[39m=[32m"flex justify-between text-xs font-bold 
uppercase tracking-tighter"[39m
              [36m>[39m
                [36m<span[39m
                  [33mclass[39m=[32m"text-zinc-500"[39m
                [36m>[39m
                  [0mCarbs[0m
                [36m</span>[39m
                [36m<span[39m
                  [33mclass[39m=[32m"text-zinc-900 dark:text-zinc-100"[39m
                [36m>[39m
                  [0m0[0m
                  [0mg[0m
                [36m</span>[39m
              [36m</div>[39m
              [36m<div[39m
                [33mclass[39m=[32m"h-2 w-full bg-zinc-100 dark:bg-zinc-800 
rounded-full overflow-hidden"[39m
              [36m>[39m
                [36m<div[39m
                  [33mclass[39m=[32m"h-full bg-amber-500 transition-all 
duration-1000 ease-out"[39m
                  [33mstyle[39m=[32m"width: 0%;"[39m
                [36m/>[39m
              [36m</div>[39m
            [36m</div>[39m
            [36m<div[39m
              [33mclass[39m=[32m"space-y-1 w-full"[39m
            [36m>[39m
              [36m<div[39m
                [33mclass[39m=[32m"flex justify-between text-xs font-bold 
uppercase tracking-tighter"[39m
              [36m>[39m
                [36m<span[39m
                  [33mclass[39m=[32m"text-zinc-500"[39m
                [36m>[39m
                  [0mFats[0m
                [36m</span>[39m
                [36m<span[39m
                  [33mclass[39m=[32m"text-zinc-900 dark:text-zinc-100"[39m
                [36m>[39m
                  [0m0[0m
                  [0mg[0m
                [36m</span>[39m
              [36m</div>[39m
              [36m<div[39m
                [33mclass[39m=[32m"h-2 w-full bg-zinc-100 dark:bg-zinc-800 
rounded-full overflow-hidden"[39m
              [36m>[39m
                [36m<div[39m
                  [33mclass[39m=[32m"h-full bg-rose-500 transition-all 
duration-1000 ease-out"[39m
                  [33mstyle[39m=[32m"width: 0%;"[39m
                [36m/>[39m
              [36m</div>[39m
            [36m</div>[39m
          [36m</div>[39m
          [36m<div[39m
            [33mclass[39m=[32m"grid grid-cols-2 md:grid-cols-3 gap-4 pt-4 
border-t border-zinc-100 dark:border-zinc-800"[39m
          [36m>[39m
            [36m<div[39m
              [33mclass[39m=[32m"bg-zinc-50 dark:bg-zinc-800/50 p-3 
rounded-2xl"[39m
            [36m>[39m
              [36m<p[39m
                [33mclass[39m=[32m"text-[10px] font-black text-zinc-400 
uppercase tracking-widest mb-1"[39m
              [36m>[39m
                [0mFiber[0m
              [36m</p>[39m
              [36m<p[39m
                [33mclass[39m=[32m"font-bold text-zinc-900 
dark:text-zinc-100"[39m
              [36m>[39m
                [0m0[0m
                [0mg[0m
              [36m</p>[39m
            [36m</div>[39m
            [36m<div[39m
              [33mclass[39m=[32m"bg-zinc-50 dark:bg-zinc-800/50 p-3 
rounded-2xl"[39m
            [36m>[39m
              [36m<p[39m
                [33mclass[39m=[32m"text-[10px] font-black text-zinc-400 
uppercase tracking-widest mb-1"[39m
              [36m>[39m
                [0mSugars[0m
              [36m</p>[39m
              [36m<p[39m
                [33mclass[39m=[32m"font-bold text-zinc-900 
dark:text-zinc-100"[39m
              [36m>[39m
                [0m0[0m
                [0mg[0m
              [36m</p>[39m
            [36m</div>[39m
            [36m<div[39m
              [33mclass[39m=[32m"bg-zinc-50 dark:bg-zinc-800/50 p-3 
rounded-2xl"[39m
            [36m>[39m
              [36m<p[39m
                [33mclass[39m=[32m"text-[10px] font-black text-zinc-400 
uppercase tracking-widest mb-1"[39m
              [36m>[39m
                [0mSat. Fat[0m
              [36m</p>[39m
              [36m<p[39m
                [33mclass[39m=[32m"font-bold text-zinc-900 
dark:text-zinc-100"[39m
              [36m>[39m
                [0m0[0m
                [0mg[0m
              [36m</p>[39m
            [36m</div>[39m
          [36m</div>[39m
        [36m</section>[39m
      [36m</div>[39m
    [36m</div>[39m
  [36m</div>[39m
[36m</body>[39m
[90m [2mΓ¥»[22m Object.getElementError 
node_modules/@testing-library/dom/dist/config.js:[2m37:19[22m[39m
[90m [2mΓ¥»[22m 
node_modules/@testing-library/dom/dist/query-helpers.js:[2m76:38[22m[39m
[90m [2mΓ¥»[22m 
node_modules/@testing-library/dom/dist/query-helpers.js:[2m52:17[22m[39m
[90m [2mΓ¥»[22m 
node_modules/@testing-library/dom/dist/query-helpers.js:[2m95:19[22m[39m
[36m [2mΓ¥»[22m src/components/meal/ResultCard.test.tsx:[2m87:19[22m[39m
    [90m 85|[39m     [34mrender[39m([33m<[39m[33mResultCard[39m 
[33m/[39m[33m>[39m)[33m;[39m
    [90m 86|[39m
    [90m 87|[39m     expect(screen.getByText('Verified via USDA 
database')).toBeInTheDoΓÇª
    [90m   |[39m                   [31m^[39m
    [90m 88|[39m   })[33m;[39m
    [90m 89|[39m

[31m[2mΓÄ»ΓÄ»ΓÄ»ΓÄ»ΓÄ»ΓÄ»ΓÄ»ΓÄ»ΓÄ»ΓÄ»ΓÄ»ΓÄ»ΓÄ»ΓÄ»ΓÄ»ΓÄ»ΓÄ»ΓÄ»ΓÄ»ΓÄ»ΓÄ»ΓÄ»ΓÄ»Γ
Ä»[8/9]ΓÄ»[22m[39m

[41m[1m FAIL [22m[49m src/components/meal/ResultCard.test.tsx[2m > 
[22mResultCard[2m > [22mhandles single serving correctly
[31m[1mTestingLibraryElementError[22m[39m: Unable to find an element with 
the text: 1 Serving. This could be because the text is broken up by multiple 
elements. In this case, you can provide a function for your text matcher to 
make your matcher more flexible.

Ignored nodes: comments, script, style
[36m<body>[39m
  [36m<div>[39m
    [36m<div[39m
      [33mclass[39m=[32m"group/card flex flex-col gap-4 text-sm 
text-card-foreground ring-1 ring-foreground/10 
has-data-[slot=card-footer]:pb-0 has-[>img:first-child]:pt-0 
data-[size=sm]:gap-3 data-[size=sm]:py-3 
data-[size=sm]:has-data-[slot=card-footer]:pb-0 
*:[img:first-child]:rounded-t-xl *:[img:last-child]:rounded-b-xl w-full 
border-none shadow-[0_20px_50px_rgba(0,0,0,0.08)] rounded-[2.5rem] bg-white/90 
dark:bg-zinc-900/90 backdrop-blur-xl overflow-hidden animate-in fade-in 
zoom-in-95 duration-500"[39m
      [33mdata-size[39m=[32m"default"[39m
      [33mdata-slot[39m=[32m"card"[39m
    [36m>[39m
      [36m<div[39m
        [33mclass[39m=[32m"bg-orange-500 p-8 text-white relative"[39m
      [36m>[39m
        [36m<div[39m
          [33mclass[39m=[32m"absolute top-0 right-0 p-6 opacity-20"[39m
        [36m>[39m
          [36m<svg[39m
            [33maria-hidden[39m=[32m"true"[39m
            [33mclass[39m=[32m"lucide lucide-chart-pie w-24 h-24 
rotate-12"[39m
            [33mfill[39m=[32m"none"[39m
            [33mheight[39m=[32m"24"[39m
            [33mstroke[39m=[32m"currentColor"[39m
            [33mstroke-linecap[39m=[32m"round"[39m
            [33mstroke-linejoin[39m=[32m"round"[39m
            [33mstroke-width[39m=[32m"2"[39m
            [33mviewBox[39m=[32m"0 0 24 24"[39m
            [33mwidth[39m=[32m"24"[39m
            [33mxmlns[39m=[32m"http://www.w3.org/2000/svg"[39m
          [36m>[39m
            [36m<path[39m
              [33md[39m=[32m"M21 12c.552 0 1.005-.449.95-.998a10 10 0 0 
0-8.953-8.951c-.55-.055-.998.398-.998.95v8a1 1 0 0 0 1 1z"[39m
            [36m/>[39m
            [36m<path[39m
              [33md[39m=[32m"M21.21 15.89A10 10 0 1 1 8 2.83"[39m
            [36m/>[39m
          [36m</svg>[39m
        [36m</div>[39m
        [36m<div[39m
          [33mclass[39m=[32m"relative z-10"[39m
        [36m>[39m
          [36m<span[39m
            [33mclass[39m=[32m"group/badge inline-flex h-5 w-fit shrink-0 
items-center justify-center gap-1 overflow-hidden border border-transparent 
text-xs font-medium whitespace-nowrap transition-all focus-visible:border-ring 
focus-visible:ring-[3px] focus-visible:ring-ring/50 
has-data-[icon=inline-end]:pr-1.5 has-data-[icon=inline-start]:pl-1.5 
aria-invalid:border-destructive aria-invalid:ring-destructive/20 
dark:aria-invalid:ring-destructive/40 [&>svg]:pointer-events-none 
[&>svg]:size-3! [a]:hover:bg-primary/80 bg-white/20 hover:bg-white/30 
text-white border-none mb-3 px-3 py-1 rounded-full backdrop-blur-md"[39m
            [33mdata-slot[39m=[32m"badge"[39m
            [33mdata-variant[39m=[32m"default"[39m
          [36m>[39m
            [0mAnalysis Result[0m
          [36m</span>[39m
          [36m<div[39m
            [33mclass[39m=[32m"group-data-[size=sm]/card:text-sm text-4xl 
font-black capitalize leading-tight mb-2"[39m
            [33mdata-slot[39m=[32m"card-title"[39m
          [36m/>[39m
          [36m<div[39m
            [33mclass[39m=[32m"flex items-center gap-6 mt-4"[39m
          [36m>[39m
            [36m<div[39m
              [33mclass[39m=[32m"flex flex-col"[39m
            [36m>[39m
              [36m<span[39m
                [33mclass[39m=[32m"text-orange-100 text-xs font-bold 
uppercase"[39m
              [36m>[39m
                [0mTotal Energy[0m
              [36m</span>[39m
              [36m<div[39m
                [33mclass[39m=[32m"flex items-center gap-1"[39m
              [36m>[39m
                [36m<svg[39m
                  [33maria-hidden[39m=[32m"true"[39m
                  [33mclass[39m=[32m"lucide lucide-flame w-5 h-5 
fill-orange-200 text-orange-200"[39m
                  [33mfill[39m=[32m"none"[39m
                  [33mheight[39m=[32m"24"[39m
                  [33mstroke[39m=[32m"currentColor"[39m
                  [33mstroke-linecap[39m=[32m"round"[39m
                  [33mstroke-linejoin[39m=[32m"round"[39m
                  [33mstroke-width[39m=[32m"2"[39m
                  [33mviewBox[39m=[32m"0 0 24 24"[39m
                  [33mwidth[39m=[32m"24"[39m
                  [33mxmlns[39m=[32m"http://www.w3.org/2000/svg"[39m
                [36m>[39m
                  [36m<path[39m
                    [33md[39m=[32m"M12 3q1 4 4 6.5t3 5.5a1 1 0 0 1-14 0 5 5 
0 0 1 1-3 1 1 0 0 0 5 0c0-2-1.5-3-1.5-5q0-2 2.5-4"[39m
                  [36m/>[39m
                [36m</svg>[39m
                [36m<span[39m
                  [33mclass[39m=[32m"text-3xl font-black 
tracking-tighter"[39m
                [36m>[39m
                  [0m KCAL[0m
                [36m</span>[39m
              [36m</div>[39m
            [36m</div>[39m
            [36m<div[39m
              [33mclass[39m=[32m"w-[1px] h-10 bg-white/20"[39m
            [36m/>[39m
            [36m<div[39m
              [33mclass[39m=[32m"flex flex-col"[39m
            [36m>[39m
              [36m<span[39m
                [33mclass[39m=[32m"text-orange-100 text-xs font-bold 
uppercase"[39m
              [36m>[39m
                [0mPortion[0m
              [36m</span>[39m
              [36m<span[39m
                [33mclass[39m=[32m"text-xl font-bold"[39m
              [36m>[39m
                [0m Serving[0m
              [36m</span>[39m
            [36m</div>[39m
          [36m</div>[39m
        [36m</div>[39m
      [36m</div>[39m
      [36m<div[39m
        [33mclass[39m=[32m"group-data-[size=sm]/card:px-3 p-8 
space-y-8"[39m
        [33mdata-slot[39m=[32m"card-content"[39m
      [36m>[39m
        [36m<section[39m
          [33mclass[39m=[32m"space-y-6"[39m
        [36m>[39m
          [36m<div[39m
            [33mclass[39m=[32m"flex items-center gap-2 mb-4"[39m
          [36m>[39m
            [36m<svg[39m
              [33maria-hidden[39m=[32m"true"[39m
              [33mclass[39m=[32m"lucide lucide-scale w-5 h-5 
text-orange-500"[39m
              [33mfill[39m=[32m"none"[39m
              [33mheight[39m=[32m"24"[39m
              [33mstroke[39m=[32m"currentColor"[39m
              [33mstroke-linecap[39m=[32m"round"[39m
              [33mstroke-linejoin[39m=[32m"round"[39m
              [33mstroke-width[39m=[32m"2"[39m
              [33mviewBox[39m=[32m"0 0 24 24"[39m
              [33mwidth[39m=[32m"24"[39m
              [33mxmlns[39m=[32m"http://www.w3.org/2000/svg"[39m
            [36m>[39m
              [36m<path[39m
                [33md[39m=[32m"M12 3v18"[39m
              [36m/>[39m
              [36m<path[39m
                [33md[39m=[32m"m19 8 3 8a5 5 0 0 1-6 0zV7"[39m
              [36m/>[39m
              [36m<path[39m
                [33md[39m=[32m"M3 7h1a17 17 0 0 0 8-2 17 17 0 0 0 8 
2h1"[39m
              [36m/>[39m
              [36m<path[39m
                [33md[39m=[32m"m5 8 3 8a5 5 0 0 1-6 0zV7"[39m
              [36m/>[39m
              [36m<path[39m
                [33md[39m=[32m"M7 21h10"[39m
              [36m/>[39m
            [36m</svg>[39m
            [36m<h4[39m
              [33mclass[39m=[32m"font-black text-zinc-900 dark:text-white 
uppercase tracking-tight"[39m
            [36m>[39m
              [0mMacro Distribution [0m
              [36m<span[39m
                [33mclass[39m=[32m"text-zinc-400 font-medium 
normal-case"[39m
              [36m>[39m
                [0m(Total)[0m
              [36m</span>[39m
            [36m</h4>[39m
          [36m</div>[39m
          [36m<div[39m
            [33mclass[39m=[32m"grid md:grid-cols-3 gap-6"[39m
          [36m>[39m
            [36m<div[39m
              [33mclass[39m=[32m"space-y-1 w-full"[39m
            [36m>[39m
              [36m<div[39m
                [33mclass[39m=[32m"flex justify-between text-xs font-bold 
uppercase tracking-tighter"[39m
              [36m>[39m
                [36m<span[39m
                  [33mclass[39m=[32m"text-zinc-500"[39m
                [36m>[39m
                  [0mProtein[0m
                [36m</span>[39m
                [36m<span[39m
                  [33mclass[39m=[32m"text-zinc-900 dark:text-zinc-100"[39m
                [36m>[39m
                  [0m0[0m
                  [0mg[0m
                [36m</span>[39m
              [36m</div>[39m
              [36m<div[39m
                [33mclass[39m=[32m"h-2 w-full bg-zinc-100 dark:bg-zinc-800 
rounded-full overflow-hidden"[39m
              [36m>[39m

                [36m<div[39m
                  [33mclass[39m=[32m"h-full bg-emerald-500 transition-all 
duration-1000 ease-out"[39m
                  [33mstyle[39m=[32m"width: 0%;"[39m
                [36m/>[39m
              [36m</div>[39m
            [36m</div>[39m
            [36m<div[39m
              [33mclass[39m=[32m"space-y-1 w-full"[39m
            [36m>[39m
              [36m<div[39m
                [33mclass[39m=[32m"flex justify-between text-xs font-bold 
uppercase tracking-tighter"[39m
              [36m>[39m
                [36m<span[39m
                  [33mclass[39m=[32m"text-zinc-500"[39m
                [36m>[39m
                  [0mCarbs[0m
                [36m</span>[39m
                [36m<span[39m
                  [33mclass[39m=[32m"text-zinc-900 dark:text-zinc-100"[39m
                [36m>[39m
                  [0m0[0m
                  [0mg[0m
                [36m</span>[39m
              [36m</div>[39m
              [36m<div[39m
                [33mclass[39m=[32m"h-2 w-full bg-zinc-100 dark:bg-zinc-800 
rounded-full overflow-hidden"[39m
              [36m>[39m
                [36m<div[39m
                  [33mclass[39m=[32m"h-full bg-amber-500 transition-all 
duration-1000 ease-out"[39m
                  [33mstyle[39m=[32m"width: 0%;"[39m
                [36m/>[39m
              [36m</div>[39m
            [36m</div>[39m
            [36m<div[39m
              [33mclass[39m=[32m"space-y-1 w-full"[39m
            [36m>[39m
              [36m<div[39m
                [33mclass[39m=[32m"flex justify-between text-xs font-bold 
uppercase tracking-tighter"[39m
              [36m>[39m
                [36m<span[39m
                  [33mclass[39m=[32m"text-zinc-500"[39m
                [36m>[39m
                  [0mFats[0m
                [36m</span>[39m
                [36m<span[39m
                  [33mclass[39m=[32m"text-zinc-900 dark:text-zinc-100"[39m
                [36m>[39m
                  [0m0[0m
                  [0mg[0m
                [36m</span>[39m
              [36m</div>[39m
              [36m<div[39m
                [33mclass[39m=[32m"h-2 w-full bg-zinc-100 dark:bg-zinc-800 
rounded-full overflow-hidden"[39m
              [36m>[39m
                [36m<div[39m
                  [33mclass[39m=[32m"h-full bg-rose-500 transition-all 
duration-1000 ease-out"[39m
                  [33mstyle[39m=[32m"width: 0%;"[39m
                [36m/>[39m
              [36m</div>[39m
            [36m</div>[39m
          [36m</div>[39m
          [36m<div[39m
[2m Test Files [22m [1m[31m2 failed[39m[22m[90m (2)[39m
[2m      Tests [22m [1m[31m9 failed[39m[22m[2m | [22m[1m[32m3 passed[39m[22m[90m (12)[39m
[2m   Start at [22m 13:17:12
[2m   Duration [22m 5.95s[2m (transform 365ms, setup 311ms, import 1.30s, tests 3.12s, environment 3.38s)[22m

            [33mclass[39m=[32m"grid grid-cols-2 md:grid-cols-3 gap-4 pt-4 
border-t border-zinc-100 dark:border-zinc-800"[39m
          [36m>[39m
            [36m<div[39m
              [33mclass[39m=[32m"bg-zinc-50 dark:bg-zinc-800/50 p-3 
rounded-2xl"[39m
            [36m>[39m
              [36m<p[39m
                [33mclass[39m=[32m"text-[10px] font-black text-zinc-400 
uppercase tracking-widest mb-1"[39m
              [36m>[39m
                [0mFiber[0m
              [36m</p>[39m
              [36m<p[39m
                [33mclass[39m=[32m"font-bold text-zinc-900 
dark:text-zinc-100"[39m
              [36m>[39m
                [0m0[0m
                [0mg[0m
              [36m</p>[39m
            [36m</div>[39m
            [36m<div[39m
              [33mclass[39m=[32m"bg-zinc-50 dark:bg-zinc-800/50 p-3 
rounded-2xl"[39m
            [36m>[39m
              [36m<p[39m
                [33mclass[39m=[32m"text-[10px] font-black text-zinc-400 
uppercase tracking-widest mb-1"[39m
              [36m>[39m
                [0mSugars[0m
              [36m</p>[39m
              [36m<p[39m
                [33mclass[39m=[32m"font-bold text-zinc-900 
dark:text-zinc-100"[39m
              [36m>[39m
                [0m0[0m
                [0mg[0m
              [36m</p>[39m
            [36m</div>[39m
            [36m<div[39m
              [33mclass[39m=[32m"bg-zinc-50 dark:bg-zinc-800/50 p-3 
rounded-2xl"[39m
            [36m>[39m
              [36m<p[39m
                [33mclass[39m=[32m"text-[10px] font-black text-zinc-400 
uppercase tracking-widest mb-1"[39m
              [36m>[39m
                [0mSat. Fat[0m
              [36m</p>[39m
              [36m<p[39m
                [33mclass[39m=[32m"font-bold text-zinc-900 
dark:text-zinc-100"[39m
              [36m>[39m
                [0m0[0m
                [0mg[0m
              [36m</p>[39m
            [36m</div>[39m
          [36m</div>[39m
        [36m</section>[39m
      [36m</div>[39m
    [36m</div>[39m
  [36m</div>[39m
[36m</body>[39m
[90m [2mΓ¥»[22m Object.getElementError 
node_modules/@testing-library/dom/dist/config.js:[2m37:19[22m[39m
[90m [2mΓ¥»[22m 
node_modules/@testing-library/dom/dist/query-helpers.js:[2m76:38[22m[39m
[90m [2mΓ¥»[22m 
node_modules/@testing-library/dom/dist/query-helpers.js:[2m52:17[22m[39m
[90m [2mΓ¥»[22m 
node_modules/@testing-library/dom/dist/query-helpers.js:[2m95:19[22m[39m
[36m [2mΓ¥»[22m src/components/meal/ResultCard.test.tsx:[2m120:19[22m[39m
    [90m118|[39m     [34mrender[39m([33m<[39m[33mResultCard[39m 
[33m/[39m[33m>[39m)[33m;[39m
    [90m119|[39m
    [90m120|[39m     
[34mexpect[39m(screen[33m.[39m[34mgetByText[39m([32m'1 
Serving'[39m))[33m.[39m[34mtoBeInTheDocument[39m()[33m;[39m
    [90m   |[39m                   [31m^[39m
    [90m121|[39m   })[33m;[39m
    [90m122|[39m })[33m;[39m

[31m[2mΓÄ»ΓÄ»ΓÄ»ΓÄ»ΓÄ»ΓÄ»ΓÄ»ΓÄ»ΓÄ»ΓÄ»ΓÄ»ΓÄ»ΓÄ»ΓÄ»ΓÄ»ΓÄ»ΓÄ»ΓÄ»ΓÄ»ΓÄ»ΓÄ»ΓÄ»ΓÄ»Γ
Ä»[9/9]ΓÄ»[22m[39m

